Microchip MPLAB XC8 Compiler V2.05 ()

Linker command line:

-W-3 --edf=C:\Program Files (x86)\Microchip\xc8\v2.05\pic\dat\en_msgs.txt \
  -cs -h+dist/default/production\ACCESS_CTRL.X.production.sym \
  --cmf=dist/default/production\ACCESS_CTRL.X.production.cmf -z -Q16F877A \
  -oC:\Users\A7MEDG~1.ASH\AppData\Local\Temp\s2s4.2 \
  --defsym=__MPLAB_BUILD=1 \
  -Mdist/default/production/ACCESS_CTRL.X.production.map -E1 -ver=XC8 \
  --acfsm=1493 -ASTACK=0110h-016Fh -pstack=STACK -ACODE=00h-07FFhx4 \
  -ASTRCODE=00h-01FFFh -ASTRING=00h-0FFhx32 -ACONST=00h-0FFhx32 \
  -AENTRY=00h-0FFhx32 -ACOMMON=070h-07Fh -ABANK0=020h-06Fh \
  -ABANK1=0A0h-0EFh -ABANK2=0110h-016Fh -ABANK3=0190h-01EFh \
  -ARAM=020h-06Fh,0A0h-0EFh,0110h-016Fh,0190h-01EFh \
  -AABS1=020h-07Fh,0A0h-0EFh,0110h-016Fh,0190h-01EFh -ASFR0=00h-01Fh \
  -ASFR1=080h-09Fh -ASFR2=0100h-010Fh -ASFR3=0180h-018Fh \
  -preset_vec=00h,intentry,init,end_init -ppowerup=CODE -pcinit=CODE \
  -pfunctab=ENTRY -ACONFIG=02007h-02007h -pconfig=CONFIG -DCONFIG=2 \
  -AIDLOC=02000h-02003h -pidloc=IDLOC -DIDLOC=2 -AEEDATA=00h-0FFh/02100h \
  -peeprom_data=EEDATA -DEEDATA=2 -DCODE=2 -DSTRCODE=2 -DSTRING=2 -DCONST=2 \
  -DENTRY=2 -k C:\Users\A7MEDG~1.ASH\AppData\Local\Temp\s2s4.o \
  dist/default/production\ACCESS_CTRL.X.production.o 

Object code version is 3.11

Machine type is 16F877A



                Name                               Link     Load   Length Selector   Space Scale
C:\Users\A7MEDG~1.ASH\AppData\Local\Temp\s2s4.o
                end_init                              0        0        3        0       0
                config                             2007     2007        1     400E       0
dist/default/production\ACCESS_CTRL.X.production.o
                cinit                               7E2      7E2       1E      FC4       0
                text28                              127      127       19      24E       0
                text27                              194      194       23      328       0
                text26                              1B7      1B7       25      36E       0
                text25                              203      203       2A      406       0
                text24                               9B       9B       12      136       0
                text23                              67D      67D      165      CFA       0
                text22                               AD       AD       13      15A       0
                text21                               FB       FB       16      1F6       0
                text20                               D3       D3       14      1A6       0
                text19                              159      159       1A      2B2       0
                text18                              25A      25A       31      4B4       0
                text17                              350      350       5E      6A0       0
                text16                              304      304       4C      608       0
                text15                              3AE      3AE       74      75C       0
                text14                              22D      22D       2D      45A       0
                text13                              140      140       19      280       0
                text12                              2C3      2C3       41      586       0
                text11                              111      111       16      222       0
                text10                              173      173       21      2E6       0
                text9                                57       57        A       AE       0
                text8                               422      422       83      844       0
                text7                                C0       C0       13      180       0
                text6                               28B      28B       38      516       0
                text5                               583      583       FA      B06       0
                text4                                6C       6C        E       D8       0
                text3                               1DC      1DC       27      3B8       0
                text2                               4A5      4A5       DE      94A       0
                text1                                E7       E7       14      1CE       0
                maintext                             61       61        B       C2       0
                cstackBANK0                          20       20       2E       20       1
                cstackCOMMON                         70       70        E       70       1
                clrtext                              4F       4F        8       9E       0
                inittext                             8A       8A       11      114       0
                dataBANK1                            A0       A0       10       A0       1
                dataBANK0                            6A       6A        1       20       1
                bssBANK0                             4E       4E       1B       20       1
                strings                               3        3       4C        6       0
                nvBANK0                              69       69        1       20       1
                idataBANK1                           7A       7A       10       F4       0
                idataBANK0                          FFF      FFF        1     1FFE       0

TOTAL           Name                               Link     Load   Length     Space
        CLASS   STACK          

        CLASS   CODE           
                end_init                              0        0        3         0
                cinit                               7E2      7E2       1E         0
                text28                              127      127       19         0
                text27                              194      194       23         0
                text26                              1B7      1B7       25         0
                text25                              203      203       2A         0
                text24                               9B       9B       12         0
                text23                              67D      67D      165         0
                text22                               AD       AD       13         0
                text21                               FB       FB       16         0
                text20                               D3       D3       14         0
                text19                              159      159       1A         0
                text18                              25A      25A       31         0
                text17                              350      350       5E         0
                text16                              304      304       4C         0
                text15                              3AE      3AE       74         0
                text14                              22D      22D       2D         0
                text13                              140      140       19         0
                text12                              2C3      2C3       41         0
                text11                              111      111       16         0
                text10                              173      173       21         0
                text9                                57       57        A         0
                text8                               422      422       83         0
                text7                                C0       C0       13         0
                text6                               28B      28B       38         0
                text5                               583      583       FA         0
                text4                                6C       6C        E         0
                text3                               1DC      1DC       27         0
                text2                               4A5      4A5       DE         0
                text1                                E7       E7       14         0
                maintext                             61       61        B         0
                clrtext                              4F       4F        8         0
                inittext                             8A       8A       11         0
                idataBANK1                           7A       7A       10         0
                idataBANK0                          FFF      FFF        1         0

        CLASS   STRCODE        

        CLASS   STRING         
                strings                               3        3       4C         0

        CLASS   CONST          

        CLASS   ENTRY          

        CLASS   COMMON         
                cstackCOMMON                         70       70        E         1

        CLASS   BANK0          
                cstackBANK0                          20       20       2E         1
                dataBANK0                            6A       6A        1         1
                bssBANK0                             4E       4E       1B         1
                nvBANK0                              69       69        1         1

        CLASS   BANK1          
                dataBANK1                            A0       A0       10         1

        CLASS   BANK2          

        CLASS   BANK3          

        CLASS   RAM            

        CLASS   ABS1           
                abs_s1                               7E       7E        2         1

        CLASS   SFR0           

        CLASS   SFR1           

        CLASS   SFR2           

        CLASS   SFR3           

        CLASS   CONFIG         
                config                             2007     2007        1         0

        CLASS   IDLOC          

        CLASS   EEDATA         



SEGMENTS        Name                           Load    Length   Top    Selector   Space  Class     Delta

                reset_vec                      000000  000003  000003         0       0  CODE        2
                strings                        000003  00004C  00004F         6       0  STRING      2
                cstackBANK0                    000020  00004B  00006B        20       1  BANK0       1
                cstackCOMMON                   000070  00000E  00007E        70       1  COMMON      1
                clrtext                        00004F  000008  000057        9E       0  CODE        2
                dataBANK1                      0000A0  000010  0000B0        A0       1  BANK1       1
                text9                          000057  00000A  000061        AE       0  CODE        2
                maintext                       000061  00000B  00006C        C2       0  CODE        2
                text4                          00006C  00000E  00007A        D8       0  CODE        2
                idataBANK1                     00007A  000010  00008A        F4       0  CODE        2
                inittext                       00008A  000011  00009B       114       0  CODE        2
                text24                         00009B  000012  0000AD       136       0  CODE        2
                text22                         0000AD  000013  0000C0       15A       0  CODE        2
                text7                          0000C0  000013  0000D3       180       0  CODE        2
                text20                         0000D3  000014  0000E7       1A6       0  CODE        2
                text1                          0000E7  000014  0000FB       1CE       0  CODE        2
                text21                         0000FB  000016  000111       1F6       0  CODE        2
                text11                         000111  000016  000127       222       0  CODE        2
                text28                         000127  000019  000140       24E       0  CODE        2
                text13                         000140  000019  000159       280       0  CODE        2
                text19                         000159  00001A  000173       2B2       0  CODE        2
                text10                         000173  000021  000194       2E6       0  CODE        2
                text27                         000194  000023  0001B7       328       0  CODE        2
                text26                         0001B7  000025  0001DC       36E       0  CODE        2
                text3                          0001DC  000027  000203       3B8       0  CODE        2
                text25                         000203  00002A  00022D       406       0  CODE        2
                text14                         00022D  00002D  00025A       45A       0  CODE        2
                text18                         00025A  000031  00028B       4B4       0  CODE        2
                text6                          00028B  000038  0002C3       516       0  CODE        2
                text12                         0002C3  000041  000304       586       0  CODE        2
                text16                         000304  00004C  000350       608       0  CODE        2
                text17                         000350  00005E  0003AE       6A0       0  CODE        2
                text15                         0003AE  000074  000422       75C       0  CODE        2
                text8                          000422  000083  0004A5       844       0  CODE        2
                text2                          0004A5  0000DE  000583       94A       0  CODE        2
                text5                          000583  0000FA  00067D       B06       0  CODE        2
                text23                         00067D  000165  0007E2       CFA       0  CODE        2
                cinit                          0007E2  00001E  000800       FC4       0  CODE        2
                idataBANK0                     000FFF  000001  001000      1FFE       0  CODE        2
                config                         002007  000001  002008      400E       0  CONFIG      2


UNUSED ADDRESS RANGES

        Name                Unused          Largest block    Delta
        BANK0            006B-006F              5           1
        BANK1            00B0-00EF             40           1
        BANK2            0110-016F             60           1
        BANK3            0190-01EF             60           1
        CODE             0800-0FFE            7FF           2
                         1000-1FFF            800
        CONST            0800-0FFE            100           2
                         1000-1FFF            100
        EEDATA           2100-21FF            100           2
        ENTRY            0800-0FFE            100           2
                         1000-1FFF            100
        IDLOC            2000-2003              4           2
        RAM              006B-006F              5           1
                         00B0-00EF             40
                         0110-016F             60
                         0190-01EF             60
        SFR0             0000-001F             20           1
        SFR1             0080-009F             20           1
        SFR2             0100-010F             10           1
        SFR3             0180-018F             10           1
        STACK            0110-016F             60           1
        STRCODE          0800-0FFE            7FF           2
                         1000-1FFF           1000
        STRING           0800-0FFE            100           2
                         1000-1FFF            100

                                  Symbol Table

?_UTIL_STRlength             cstackCOMMON 0070
?___lldiv                    cstackCOMMON 0070
?___llmod                    cstackCOMMON 0070
AC_authentication@i          cstackBANK0  004D
AC_authentication@password   cstackBANK0  0047
Convert_IntToString@nStr     bssBANK0     004E
EEPROM_init@state            cstackCOMMON 0070
EEPROM_readByte@address      cstackCOMMON 0072
EEPROM_readByte@pData        cstackCOMMON 0070
EEPROM_readStr@ch            cstackCOMMON 0078
EEPROM_readStr@i             cstackCOMMON 0077
EEPROM_readStr@pStr          cstackCOMMON 0073
EEPROM_readStr@startAddress  cstackCOMMON 0076
EEPROM_writeByte@address     cstackCOMMON 0072
EEPROM_writeByte@data        cstackCOMMON 0070
EEPROM_writeByte@state       cstackCOMMON 0073
EEPROM_writeStr@i            cstackCOMMON 0077
EEPROM_writeStr@pStr         cstackCOMMON 0074
EEPROM_writeStr@startAddress cstackCOMMON 0076
KPAD_getKey@col              cstackCOMMON 0077
KPAD_getKey@key              cstackCOMMON 0075
KPAD_getKey@pKey             cstackCOMMON 0074
KPAD_getKey@row              cstackCOMMON 0076
KPAD_waitKey@key             cstackCOMMON 007A
KPAD_waitKey@pKey            cstackCOMMON 0079
LCD_char@ch                  cstackBANK0  0021
LCD_char@col                 cstackCOMMON 007D
LCD_char@line                cstackCOMMON 007C
LCD_cmd@cmd                  cstackCOMMON 0076
LCD_goTo@address             cstackCOMMON 007B
LCD_goTo@col                 cstackCOMMON 0077
LCD_goTo@line                cstackCOMMON 007A
LCD_init@mode                cstackCOMMON 0079
LCD_num@col                  cstackBANK0  002D
LCD_num@line                 cstackBANK0  002C
LCD_num@num                  cstackBANK0  0028
LCD_num@pStr                 cstackBANK0  0041
LCD_num@str                  cstackBANK0  0030
LCD_out@data                 cstackCOMMON 0074
LCD_str@col                  cstackBANK0  0025
LCD_str@line                 cstackBANK0  0024
LCD_str@str                  cstackBANK0  0022
LCD_update@LCD_counter       bssBANK0     005B
LCD_update@direction         bssBANK0     005A
LCD_update@i                 bssBANK0     0059
PASSWORD_check@password      cstackCOMMON 007D
PASSWORD_check@state         cstackCOMMON 007C
PASSWORD_init@password       cstackCOMMON 0074
PASSWORD_read@col            cstackBANK0  0023
PASSWORD_read@key            cstackBANK0  0025
PASSWORD_read@pPassword      cstackBANK0  0024
UTIL_INTtoSTR@max            cstackBANK0  0025
UTIL_INTtoSTR@num            cstackBANK0  0020
UTIL_INTtoSTR@ppStr          cstackBANK0  0024
UTIL_STRcompare@res          cstackCOMMON 0078
UTIL_STRcompare@strA         cstackCOMMON 0079
UTIL_STRcompare@strB         cstackCOMMON 0076
UTIL_STRcopy@destination     cstackCOMMON 0070
UTIL_STRcopy@source          cstackCOMMON 0072
UTIL_STRlength@len           cstackCOMMON 0073
UTIL_STRlength@pStr          cstackCOMMON 0075
_AC_authentication           text5        0583
_AC_init                     text1        00E7
_EECON2                      (abs)        018D
_EEPROM_init                 text4        006C
_EEPROM_readByte             text28       0127
_EEPROM_readStr              text27       0194
_EEPROM_writeByte            text26       01B7
_EEPROM_writeStr             text25       0203
_KEYS                        dataBANK1    00A0
_KPAD_getKey                 text8        0422
_KPAD_init                   text3        01DC
_KPAD_init$293               cstackCOMMON 0072
_KPAD_init$294               cstackCOMMON 0074
_KPAD_waitKey                text7        00C0
_LCD_char                    text19       0159
_LCD_clear                   text21       00FB
_LCD_cmd                     text22       00AD
_LCD_goTo                    text20       00D3
_LCD_init                    text2        04A5
_LCD_latch                   text24       009B
_LCD_num                     text14       022D
_LCD_out                     text23       067D
_LCD_str                     text18       025A
_PASSWORD_check              text11       0111
_PASSWORD_init               text9        0057
_PASSWORD_read               text6        028B
_PCFG1                       (abs)        04F9
_PCFG2                       (abs)        04FA
_REAL_PASSWORD               bssBANK0     0062
_UTIL_INTtoSTR               text15       03AE
_UTIL_STRcompare             text12       02C3
_UTIL_STRcopy                text10       0173
_UTIL_STRlength              text13       0140
__CFG_BOREN$ON               (abs)        0000
__CFG_CP$OFF                 (abs)        0000
__CFG_CPD$OFF                (abs)        0000
__CFG_FOSC$HS                (abs)        0000
__CFG_LVP$OFF                (abs)        0000
__CFG_PWRTE$ON               (abs)        0000
__CFG_WDTE$OFF               (abs)        0000
__CFG_WRT$OFF                (abs)        0000
__Habs1                      abs1         0000
__Hbank0                     bank0        0000
__Hbank1                     bank1        0000
__Hbank2                     bank2        0000
__Hbank3                     bank3        0000
__HbssBANK0                  bssBANK0     0000
__Hcinit                     cinit        0800
__Hclrtext                   clrtext      0000
__Hcode                      code         0000
__Hcommon                    common       0000
__Hconfig                    config       2008
__HcstackBANK0               cstackBANK0  0000
__HcstackCOMMON              cstackCOMMON 0000
__HdataBANK0                 dataBANK0    0000
__HdataBANK1                 dataBANK1    0000
__Heeprom_data               eeprom_data  0000
__Hend_init                  end_init     0003
__Hfunctab                   functab      0000
__HidataBANK0                idataBANK0   0000
__HidataBANK1                idataBANK1   0000
__Hidloc                     idloc        0000
__Hinit                      init         0000
__Hinittext                  inittext     0000
__Hintentry                  intentry     0000
__Hmaintext                  maintext     0000
__HnvBANK0                   nvBANK0      0000
__Hpowerup                   powerup      0000
__Hram                       ram          0000
__Hreset_vec                 reset_vec    0000
__Hsfr0                      sfr0         0000
__Hsfr1                      sfr1         0000
__Hsfr2                      sfr2         0000
__Hsfr3                      sfr3         0000
__Hspace_0                   (abs)        2008
__Hspace_1                   (abs)        00B0
__Hspace_2                   (abs)        0000
__Hspace_3                   (abs)        0000
__Hstack                     stack        0000
__Hstrings                   strings      0000
__Htext                      text         0000
__Labs1                      abs1         0000
__Lbank0                     bank0        0000
__Lbank1                     bank1        0000
__Lbank2                     bank2        0000
__Lbank3                     bank3        0000
__LbssBANK0                  bssBANK0     0000
__Lcinit                     cinit        07E2
__Lclrtext                   clrtext      0000
__Lcode                      code         0000
__Lcommon                    common       0000
__Lconfig                    config       2007
__LcstackBANK0               cstackBANK0  0000
__LcstackCOMMON              cstackCOMMON 0000
__LdataBANK0                 dataBANK0    0000
__LdataBANK1                 dataBANK1    0000
__Leeprom_data               eeprom_data  0000
__Lend_init                  end_init     0000
__Lfunctab                   functab      0000
__LidataBANK0                idataBANK0   0000
__LidataBANK1                idataBANK1   0000
__Lidloc                     idloc        0000
__Linit                      init         0000
__Linittext                  inittext     0000
__Lintentry                  intentry     0000
__Lmaintext                  maintext     0000
__LnvBANK0                   nvBANK0      0000
__Lpowerup                   powerup      0000
__Lram                       ram          0000
__Lreset_vec                 reset_vec    0000
__Lsfr0                      sfr0         0000
__Lsfr1                      sfr1         0000
__Lsfr2                      sfr2         0000
__Lsfr3                      sfr3         0000
__Lspace_0                   (abs)        0000
__Lspace_1                   (abs)        0000
__Lspace_2                   (abs)        0000
__Lspace_3                   (abs)        0000
__Lstack                     stack        0000
__Lstrings                   strings      0000
__Ltext                      text         0000
__S0                         (abs)        2008
__S1                         (abs)        00B0
__S2                         (abs)        0000
__S3                         (abs)        0000
___int_sp                    stack        0000
___latbits                   (abs)        0002
___lldiv                     text17       0350
___lldiv@counter             cstackCOMMON 007D
___lldiv@dividend            cstackCOMMON 0074
___lldiv@divisor             cstackCOMMON 0070
___lldiv@quotient            cstackCOMMON 0079
___llmod                     text16       0304
___llmod@counter             cstackCOMMON 0079
___llmod@dividend            cstackCOMMON 0074
___llmod@divisor             cstackCOMMON 0070
___sp                        stack        0000
___stackhi                   (abs)        0000
___stacklo                   (abs)        0000
__end_of_AC_authentication   text5        067D
__end_of_AC_init             text1        00FB
__end_of_EEPROM_init         text4        007A
__end_of_EEPROM_readByte     text28       0140
__end_of_EEPROM_readStr      text27       01B7
__end_of_EEPROM_writeByte    text26       01DC
__end_of_EEPROM_writeStr     text25       022D
__end_of_KPAD_getKey         text8        04A5
__end_of_KPAD_init           text3        0203
__end_of_KPAD_waitKey        text7        00D3
__end_of_LCD_char            text19       0173
__end_of_LCD_clear           text21       0111
__end_of_LCD_cmd             text22       00C0
__end_of_LCD_goTo            text20       00E7
__end_of_LCD_init            text2        0583
__end_of_LCD_latch           text24       00AD
__end_of_LCD_num             text14       025A
__end_of_LCD_out             text23       07E2
__end_of_LCD_str             text18       028B
__end_of_PASSWORD_check      text11       0127
__end_of_PASSWORD_init       text9        0061
__end_of_PASSWORD_read       text6        02C3
__end_of_UTIL_INTtoSTR       text15       0422
__end_of_UTIL_STRcompare     text12       0304
__end_of_UTIL_STRcopy        text10       0194
__end_of_UTIL_STRlength      text13       0159
__end_of___lldiv             text17       03AE
__end_of___llmod             text16       0350
__end_of__initialization     cinit        07FC
__end_of__stringtab          strings      0013
__end_of_main                maintext     006C
__initialization             cinit        07E2
__pbssBANK0                  bssBANK0     004E
__pcstackBANK0               cstackBANK0  0020
__pcstackCOMMON              cstackCOMMON 0070
__pdataBANK0                 dataBANK0    006A
__pdataBANK1                 dataBANK1    00A0
__pidataBANK0                idataBANK0   0FFF
__pidataBANK1                idataBANK1   007A
__pmaintext                  maintext     0061
__pnvBANK0                   nvBANK0      0069
__pstrings                   strings      0003
__ptext1                     text1        00E7
__ptext10                    text10       0173
__ptext11                    text11       0111
__ptext12                    text12       02C3
__ptext13                    text13       0140
__ptext14                    text14       022D
__ptext15                    text15       03AE
__ptext16                    text16       0304
__ptext17                    text17       0350
__ptext18                    text18       025A
__ptext19                    text19       0159
__ptext2                     text2        04A5
__ptext20                    text20       00D3
__ptext21                    text21       00FB
__ptext22                    text22       00AD
__ptext23                    text23       067D
__ptext24                    text24       009B
__ptext25                    text25       0203
__ptext26                    text26       01B7
__ptext27                    text27       0194
__ptext28                    text28       0127
__ptext3                     text3        01DC
__ptext4                     text4        006C
__ptext5                     text5        0583
__ptext6                     text6        028B
__ptext7                     text7        00C0
__ptext8                     text8        0422
__ptext9                     text9        0057
__size_of_AC_authentication  (abs)        0000
__size_of_AC_init            (abs)        0000
__size_of_EEPROM_init        (abs)        0000
__size_of_EEPROM_readByte    (abs)        0000
__size_of_EEPROM_readStr     (abs)        0000
__size_of_EEPROM_writeByte   (abs)        0000
__size_of_EEPROM_writeStr    (abs)        0000
__size_of_KPAD_getKey        (abs)        0000
__size_of_KPAD_init          (abs)        0000
__size_of_KPAD_waitKey       (abs)        0000
__size_of_LCD_char           (abs)        0000
__size_of_LCD_clear          (abs)        0000
__size_of_LCD_cmd            (abs)        0000
__size_of_LCD_goTo           (abs)        0000
__size_of_LCD_init           (abs)        0000
__size_of_LCD_latch          (abs)        0000
__size_of_LCD_num            (abs)        0000
__size_of_LCD_out            (abs)        0000
__size_of_LCD_str            (abs)        0000
__size_of_PASSWORD_check     (abs)        0000
__size_of_PASSWORD_init      (abs)        0000
__size_of_PASSWORD_read      (abs)        0000
__size_of_UTIL_INTtoSTR      (abs)        0000
__size_of_UTIL_STRcompare    (abs)        0000
__size_of_UTIL_STRcopy       (abs)        0000
__size_of_UTIL_STRlength     (abs)        0000
__size_of___lldiv            (abs)        0000
__size_of___llmod            (abs)        0000
__size_of_main               (abs)        0000
__stringbase                 strings      0012
__stringtab                  strings      0003
_currentMode                 nvBANK0      0069
_flag                        bssBANK0     0068
_main                        maintext     0061
_user_password               bssBANK0     005C
btemp                        (abs)        007E
clear_ram0                   clrtext      004F
end_of_initialization        cinit        07FC
init_fetch0                  inittext     008A
init_ram0                    inittext     008E
intlevel0                    functab      0000
intlevel1                    functab      0000
intlevel2                    functab      0000
intlevel3                    functab      0000
intlevel4                    functab      0000
intlevel5                    functab      0000
reset_vec                    reset_vec    0000
start                        init         0000
start_initialization         cinit        07E2
wtemp0                       (abs)        007E


FUNCTION INFORMATION:

 *************** function _main *****************
 Defined at:
		line 12 in file "EEPROM_TEST.c"
 Parameters:    Size  Location     Type
		None
 Auto vars:     Size  Location     Type
		None
 Return value:  Size  Location     Type
                  1    wreg      void 
 Registers used:
		wreg, fsr0l, fsr0h, status,2, status,0, btemp+1, pclath, cstack
 Tracked objects:
		On entry : 
		On exit  : 
		Unchanged: 
 Data sizes:     COMMON   BANK0   BANK1   BANK3   BANK2
      Params:         0       0       0       0       0
      Locals:         0       0       0       0       0
      Temps:          0       0       0       0       0
      Totals:         0       0       0       0       0
Total ram usage:        0 bytes
 Hardware stack levels required when called:    8
 This function calls:
		_AC_authentication
		_AC_init
 This function is called by:
		Startup code after reset
 This function uses a non-reentrant model


 *************** function _AC_init *****************
 Defined at:
		line 28 in file "ACCESS_CTRL.c"
 Parameters:    Size  Location     Type
		None
 Auto vars:     Size  Location     Type
		None
 Return value:  Size  Location     Type
                  1    wreg      void 
 Registers used:
		wreg, status,2, status,0, pclath, cstack
 Tracked objects:
		On entry : 
		On exit  : 
		Unchanged: 
 Data sizes:     COMMON   BANK0   BANK1   BANK3   BANK2
      Params:         0       0       0       0       0
      Locals:         0       0       0       0       0
      Temps:          0       0       0       0       0
      Totals:         0       0       0       0       0
Total ram usage:        0 bytes
 Hardware stack levels used:    1
 Hardware stack levels required when called:    4
 This function calls:
		_EEPROM_init
		_KPAD_init
		_LCD_init
 This function is called by:
		_main
 This function uses a non-reentrant model


 *************** function _LCD_init *****************
 Defined at:
		line 84 in file "LCD.c"
 Parameters:    Size  Location     Type
  mode            1    wreg     enum E891
 Auto vars:     Size  Location     Type
  mode            1    9[COMMON] enum E891
 Return value:  Size  Location     Type
                  1    wreg      void 
 Registers used:
		wreg, status,2, status,0, pclath, cstack
 Tracked objects:
		On entry : 
		On exit  : 
		Unchanged: 
 Data sizes:     COMMON   BANK0   BANK1   BANK3   BANK2
      Params:         0       0       0       0       0
      Locals:         1       0       0       0       0
      Temps:          2       0       0       0       0
      Totals:         3       0       0       0       0
Total ram usage:        3 bytes
 Hardware stack levels used:    1
 Hardware stack levels required when called:    3
 This function calls:
		_LCD_cmd
 This function is called by:
		_AC_init
 This function uses a non-reentrant model


 *************** function _KPAD_init *****************
 Defined at:
		line 55 in file "KPAD.c"
 Parameters:    Size  Location     Type
		None
 Auto vars:     Size  Location     Type
		None
 Return value:  Size  Location     Type
                  1    wreg      void 
 Registers used:
		wreg, status,2
 Tracked objects:
		On entry : 
		On exit  : 
		Unchanged: 
 Data sizes:     COMMON   BANK0   BANK1   BANK3   BANK2
      Params:         0       0       0       0       0
      Locals:         4       0       0       0       0
      Temps:          2       0       0       0       0
      Totals:         6       0       0       0       0
Total ram usage:        6 bytes
 Hardware stack levels used:    1
 This function calls:
		Nothing
 This function is called by:
		_AC_init
 This function uses a non-reentrant model


 *************** function _EEPROM_init *****************
 Defined at:
		line 16 in file "EEPROM.c"
 Parameters:    Size  Location     Type
  state           1    wreg     enum E891
 Auto vars:     Size  Location     Type
  state           1    0[COMMON] enum E891
 Return value:  Size  Location     Type
                  1    wreg      void 
 Registers used:
		wreg, status,2, status,0
 Tracked objects:
		On entry : 
		On exit  : 
		Unchanged: 
 Data sizes:     COMMON   BANK0   BANK1   BANK3   BANK2
      Params:         0       0       0       0       0
      Locals:         1       0       0       0       0
      Temps:          0       0       0       0       0
      Totals:         1       0       0       0       0
Total ram usage:        1 bytes
 Hardware stack levels used:    1
 This function calls:
		Nothing
 This function is called by:
		_AC_init
 This function uses a non-reentrant model


 *************** function _AC_authentication *****************
 Defined at:
		line 39 in file "ACCESS_CTRL.c"
 Parameters:    Size  Location     Type
		None
 Auto vars:     Size  Location     Type
  password        6   39[BANK0 ] unsigned char [6]
  i               1   45[BANK0 ] unsigned char 
 Return value:  Size  Location     Type
                  1    wreg      void 
 Registers used:
		wreg, fsr0l, fsr0h, status,2, status,0, btemp+1, pclath, cstack
 Tracked objects:
		On entry : 
		On exit  : 
		Unchanged: 
 Data sizes:     COMMON   BANK0   BANK1   BANK3   BANK2
      Params:         0       0       0       0       0
      Locals:         0       7       0       0       0
      Temps:          0       5       0       0       0
      Totals:         0      12       0       0       0
Total ram usage:       12 bytes
 Hardware stack levels used:    1
 Hardware stack levels required when called:    7
 This function calls:
		_EEPROM_readByte
		_EEPROM_readStr
		_EEPROM_writeByte
		_EEPROM_writeStr
		_LCD_clear
		_LCD_num
		_LCD_str
		_PASSWORD_check
		_PASSWORD_init
		_PASSWORD_read
 This function is called by:
		_main
 This function uses a non-reentrant model


 *************** function _PASSWORD_read *****************
 Defined at:
		line 32 in file "PASSWORD.c"
 Parameters:    Size  Location     Type
  pPassword       1    wreg     PTR unsigned char 
		 -> user_password(6), 
 Auto vars:     Size  Location     Type
  pPassword       1    4[BANK0 ] PTR unsigned char 
		 -> user_password(6), 
  key             1    5[BANK0 ] unsigned char 
  col             1    3[BANK0 ] unsigned char 
 Return value:  Size  Location     Type
                  1    wreg      void 
 Registers used:
		wreg, fsr0l, fsr0h, status,2, status,0, pclath, cstack
 Tracked objects:
		On entry : 
		On exit  : 
		Unchanged: 
 Data sizes:     COMMON   BANK0   BANK1   BANK3   BANK2
      Params:         0       0       0       0       0
      Locals:         0       3       0       0       0
      Temps:          0       1       0       0       0
      Totals:         0       4       0       0       0
Total ram usage:        4 bytes
 Hardware stack levels used:    1
 Hardware stack levels required when called:    5
 This function calls:
		_KPAD_waitKey
		_LCD_char
 This function is called by:
		_AC_authentication
 This function uses a non-reentrant model


 *************** function _KPAD_waitKey *****************
 Defined at:
		line 115 in file "KPAD.c"
 Parameters:    Size  Location     Type
  pKey            1    wreg     PTR unsigned char 
		 -> PASSWORD_read@key(1), 
 Auto vars:     Size  Location     Type
  pKey            1    9[COMMON] PTR unsigned char 
		 -> PASSWORD_read@key(1), 
  key             1   10[COMMON] unsigned char 
 Return value:  Size  Location     Type
                  1    wreg      void 
 Registers used:
		wreg, fsr0l, fsr0h, status,2, status,0, pclath, cstack
 Tracked objects:
		On entry : 
		On exit  : 
		Unchanged: 
 Data sizes:     COMMON   BANK0   BANK1   BANK3   BANK2
      Params:         0       0       0       0       0
      Locals:         2       0       0       0       0
      Temps:          1       0       0       0       0
      Totals:         3       0       0       0       0
Total ram usage:        3 bytes
 Hardware stack levels used:    1
 Hardware stack levels required when called:    1
 This function calls:
		_KPAD_getKey
 This function is called by:
		_PASSWORD_read
 This function uses a non-reentrant model


 *************** function _KPAD_getKey *****************
 Defined at:
		line 74 in file "KPAD.c"
 Parameters:    Size  Location     Type
  pKey            1    wreg     PTR unsigned char 
		 -> KPAD_waitKey@key(1), 
 Auto vars:     Size  Location     Type
  pKey            1    4[COMMON] PTR unsigned char 
		 -> KPAD_waitKey@key(1), 
  col             1    7[COMMON] unsigned char 
  row             1    6[COMMON] unsigned char 
  key             1    5[COMMON] unsigned char 
 Return value:  Size  Location     Type
                  1    wreg      void 
 Registers used:
		wreg, fsr0l, fsr0h, status,2, status,0
 Tracked objects:
		On entry : 
		On exit  : 
		Unchanged: 
 Data sizes:     COMMON   BANK0   BANK1   BANK3   BANK2
      Params:         0       0       0       0       0
      Locals:         4       0       0       0       0
      Temps:          4       0       0       0       0
      Totals:         8       0       0       0       0
Total ram usage:        8 bytes
 Hardware stack levels used:    1
 This function calls:
		Nothing
 This function is called by:
		_KPAD_waitKey
 This function uses a non-reentrant model


 *************** function _PASSWORD_init *****************
 Defined at:
		line 25 in file "PASSWORD.c"
 Parameters:    Size  Location     Type
  password        1    wreg     PTR unsigned char 
		 -> user_password(6), AC_authentication@password(6), 
 Auto vars:     Size  Location     Type
  password        1    4[COMMON] PTR unsigned char 
		 -> user_password(6), AC_authentication@password(6), 
 Return value:  Size  Location     Type
                  1    wreg      void 
 Registers used:
		wreg, fsr0l, fsr0h, status,2, status,0, pclath, cstack
 Tracked objects:
		On entry : 
		On exit  : 
		Unchanged: 
 Data sizes:     COMMON   BANK0   BANK1   BANK3   BANK2
      Params:         0       0       0       0       0
      Locals:         1       0       0       0       0
      Temps:          1       0       0       0       0
      Totals:         2       0       0       0       0
Total ram usage:        2 bytes
 Hardware stack levels used:    1
 Hardware stack levels required when called:    1
 This function calls:
		_UTIL_STRcopy
 This function is called by:
		_AC_authentication
 This function uses a non-reentrant model


 *************** function _UTIL_STRcopy *****************
 Defined at:
		line 52 in file "UTILITY.c"
 Parameters:    Size  Location     Type
  source          1    wreg     PTR unsigned char 
		 -> user_password(6), AC_authentication@password(6), 
  destination     1    0[COMMON] PTR unsigned char 
		 -> REAL_PASSWORD(6), 
 Auto vars:     Size  Location     Type
  source          1    2[COMMON] PTR unsigned char 
		 -> user_password(6), AC_authentication@password(6), 
 Return value:  Size  Location     Type
                  1    wreg      void 
 Registers used:
		wreg, fsr0l, fsr0h, status,2, status,0
 Tracked objects:
		On entry : 
		On exit  : 
		Unchanged: 
 Data sizes:     COMMON   BANK0   BANK1   BANK3   BANK2
      Params:         1       0       0       0       0
      Locals:         1       0       0       0       0
      Temps:          1       0       0       0       0
      Totals:         3       0       0       0       0
Total ram usage:        3 bytes
 Hardware stack levels used:    1
 This function calls:
		Nothing
 This function is called by:
		_PASSWORD_init
 This function uses a non-reentrant model


 *************** function _PASSWORD_check *****************
 Defined at:
		line 52 in file "PASSWORD.c"
 Parameters:    Size  Location     Type
  password        1    wreg     PTR unsigned char 
		 -> user_password(6), 
 Auto vars:     Size  Location     Type
  password        1   13[COMMON] PTR unsigned char 
		 -> user_password(6), 
  state           1   12[COMMON] enum E891
 Return value:  Size  Location     Type
                  1    wreg      enum E891
 Registers used:
		wreg, fsr0l, fsr0h, status,2, status,0, pclath, cstack
 Tracked objects:
		On entry : 
		On exit  : 
		Unchanged: 
 Data sizes:     COMMON   BANK0   BANK1   BANK3   BANK2
      Params:         0       0       0       0       0
      Locals:         2       0       0       0       0
      Temps:          2       0       0       0       0
      Totals:         4       0       0       0       0
Total ram usage:        4 bytes
 Hardware stack levels used:    1
 Hardware stack levels required when called:    2
 This function calls:
		_UTIL_STRcompare
 This function is called by:
		_AC_authentication
 This function uses a non-reentrant model


 *************** function _UTIL_STRcompare *****************
 Defined at:
		line 32 in file "UTILITY.c"
 Parameters:    Size  Location     Type
  strA            1    wreg     PTR unsigned char 
		 -> user_password(6), 
  strB            1    6[COMMON] PTR unsigned char 
		 -> REAL_PASSWORD(6), 
 Auto vars:     Size  Location     Type
  strA            1    9[COMMON] PTR unsigned char 
		 -> user_password(6), 
  res             1    8[COMMON] enum E891
 Return value:  Size  Location     Type
                  1    wreg      enum E901
 Registers used:
		wreg, fsr0l, fsr0h, status,2, status,0, pclath, cstack
 Tracked objects:
		On entry : 
		On exit  : 
		Unchanged: 
 Data sizes:     COMMON   BANK0   BANK1   BANK3   BANK2
      Params:         1       0       0       0       0
      Locals:         2       0       0       0       0
      Temps:          1       0       0       0       0
      Totals:         4       0       0       0       0
Total ram usage:        4 bytes
 Hardware stack levels used:    1
 Hardware stack levels required when called:    1
 This function calls:
		_UTIL_STRlength
 This function is called by:
		_PASSWORD_check
 This function uses a non-reentrant model


 *************** function _UTIL_STRlength *****************
 Defined at:
		line 62 in file "UTILITY.c"
 Parameters:    Size  Location     Type
  pStr            1    wreg     PTR unsigned char 
		 -> user_password(6), REAL_PASSWORD(6), 
 Auto vars:     Size  Location     Type
  pStr            1    5[COMMON] PTR unsigned char 
		 -> user_password(6), REAL_PASSWORD(6), 
  len             2    3[COMMON] unsigned short 
 Return value:  Size  Location     Type
                  2    0[COMMON] unsigned short 
 Registers used:
		wreg, fsr0l, fsr0h, status,2, status,0
 Tracked objects:
		On entry : 
		On exit  : 
		Unchanged: 
 Data sizes:     COMMON   BANK0   BANK1   BANK3   BANK2
      Params:         2       0       0       0       0
      Locals:         3       0       0       0       0
      Temps:          1       0       0       0       0
      Totals:         6       0       0       0       0
Total ram usage:        6 bytes
 Hardware stack levels used:    1
 This function calls:
		Nothing
 This function is called by:
		_UTIL_STRcompare
 This function uses a non-reentrant model


 *************** function _LCD_num *****************
 Defined at:
		line 172 in file "LCD.c"
 Parameters:    Size  Location     Type
  num             4    8[BANK0 ] unsigned long 
  line            1   12[BANK0 ] enum E895
  col             1   13[BANK0 ] enum E899
 Auto vars:     Size  Location     Type
  str            17   16[BANK0 ] unsigned char [17]
  pStr            1   33[BANK0 ] PTR unsigned char 
		 -> LCD_num@str(17), 
 Return value:  Size  Location     Type
                  1    wreg      void 
 Registers used:
		wreg, fsr0l, fsr0h, status,2, status,0, btemp+1, pclath, cstack
 Tracked objects:
		On entry : 
		On exit  : 
		Unchanged: 
 Data sizes:     COMMON   BANK0   BANK1   BANK3   BANK2
      Params:         0       6       0       0       0
      Locals:         0      18       0       0       0
      Temps:          0       2       0       0       0
      Totals:         0      26       0       0       0
Total ram usage:       26 bytes
 Hardware stack levels used:    1
 Hardware stack levels required when called:    6
 This function calls:
		_LCD_str
		_UTIL_INTtoSTR
 This function is called by:
		_AC_authentication
 This function uses a non-reentrant model


 *************** function _UTIL_INTtoSTR *****************
 Defined at:
		line 16 in file "UTILITY.c"
 Parameters:    Size  Location     Type
  num             4    0[BANK0 ] unsigned long 
  ppStr           1    4[BANK0 ] PTR PTR unsigned char 
		 -> LCD_num@pStr(1), 
  max             1    5[BANK0 ] unsigned char 
 Auto vars:     Size  Location     Type
		None
 Return value:  Size  Location     Type
                  1    wreg      void 
 Registers used:
		wreg, fsr0l, fsr0h, status,2, status,0, pclath, cstack
 Tracked objects:
		On entry : 
		On exit  : 
		Unchanged: 
 Data sizes:     COMMON   BANK0   BANK1   BANK3   BANK2
      Params:         0       6       0       0       0
      Locals:         0       0       0       0       0
      Temps:          0       2       0       0       0
      Totals:         0       8       0       0       0
Total ram usage:        8 bytes
 Hardware stack levels used:    1
 Hardware stack levels required when called:    1
 This function calls:
		___lldiv
		___llmod
 This function is called by:
		_LCD_num
 This function uses a non-reentrant model


 *************** function ___llmod *****************
 Defined at:
		line 5 in file "C:\Program Files (x86)\Microchip\xc8\v2.05\pic\sources\c90\common\llmod.c"
 Parameters:    Size  Location     Type
  divisor         4    0[COMMON] unsigned long 
  dividend        4    4[COMMON] unsigned long 
 Auto vars:     Size  Location     Type
  counter         1    9[COMMON] unsigned char 
 Return value:  Size  Location     Type
                  4    0[COMMON] unsigned long 
 Registers used:
		wreg, status,2, status,0
 Tracked objects:
		On entry : 
		On exit  : 
		Unchanged: 
 Data sizes:     COMMON   BANK0   BANK1   BANK3   BANK2
      Params:         8       0       0       0       0
      Locals:         1       0       0       0       0
      Temps:          1       0       0       0       0
      Totals:        10       0       0       0       0
Total ram usage:       10 bytes
 Hardware stack levels used:    1
 This function calls:
		Nothing
 This function is called by:
		_UTIL_INTtoSTR
		_Convert_IntToString
 This function uses a non-reentrant model


 *************** function ___lldiv *****************
 Defined at:
		line 5 in file "C:\Program Files (x86)\Microchip\xc8\v2.05\pic\sources\c90\common\__lldiv.c"
 Parameters:    Size  Location     Type
  divisor         4    0[COMMON] unsigned long 
  dividend        4    4[COMMON] unsigned long 
 Auto vars:     Size  Location     Type
  quotient        4    9[COMMON] unsigned long 
  counter         1   13[COMMON] unsigned char 
 Return value:  Size  Location     Type
                  4    0[COMMON] unsigned long 
 Registers used:
		wreg, status,2, status,0
 Tracked objects:
		On entry : 
		On exit  : 
		Unchanged: 
 Data sizes:     COMMON   BANK0   BANK1   BANK3   BANK2
      Params:         8       0       0       0       0
      Locals:         5       0       0       0       0
      Temps:          1       0       0       0       0
      Totals:        14       0       0       0       0
Total ram usage:       14 bytes
 Hardware stack levels used:    1
 This function calls:
		Nothing
 This function is called by:
		_UTIL_INTtoSTR
		_Convert_IntToString
 This function uses a non-reentrant model


 *************** function _LCD_str *****************
 Defined at:
		line 163 in file "LCD.c"
 Parameters:    Size  Location     Type
  str             2    2[BANK0 ] PTR unsigned char 
		 -> STR_7(8), STR_6(7), STR_5(16), STR_4(12), 
		 -> STR_3(13), STR_2(16), STR_1(12), LCD_num@str(17), 
  line            1    4[BANK0 ] enum E895
  col             1    5[BANK0 ] enum E899
 Auto vars:     Size  Location     Type
		None
 Return value:  Size  Location     Type
                  1    wreg      void 
 Registers used:
		wreg, fsr0l, fsr0h, status,2, status,0, btemp+1, pclath, cstack
 Tracked objects:
		On entry : 
		On exit  : 
		Unchanged: 
 Data sizes:     COMMON   BANK0   BANK1   BANK3   BANK2
      Params:         0       4       0       0       0
      Locals:         0       0       0       0       0
      Temps:          0       2       0       0       0
      Totals:         0       6       0       0       0
Total ram usage:        6 bytes
 Hardware stack levels used:    1
 Hardware stack levels required when called:    5
 This function calls:
		_LCD_char
 This function is called by:
		_LCD_num
		_AC_authentication
 This function uses a non-reentrant model


 *************** function _LCD_char *****************
 Defined at:
		line 151 in file "LCD.c"
 Parameters:    Size  Location     Type
  ch              1    wreg     unsigned char 
  line            1   12[COMMON] enum E895
  col             1   13[COMMON] enum E899
 Auto vars:     Size  Location     Type
  ch              1    1[BANK0 ] unsigned char 
 Return value:  Size  Location     Type
                  1    wreg      void 
 Registers used:
		wreg, status,2, status,0, pclath, cstack
 Tracked objects:
		On entry : 
		On exit  : 
		Unchanged: 
 Data sizes:     COMMON   BANK0   BANK1   BANK3   BANK2
      Params:         2       0       0       0       0
      Locals:         0       1       0       0       0
      Temps:          0       1       0       0       0
      Totals:         2       2       0       0       0
Total ram usage:        4 bytes
 Hardware stack levels used:    1
 Hardware stack levels required when called:    4
 This function calls:
		_LCD_goTo
		_LCD_out
 This function is called by:
		_LCD_str
		_PASSWORD_read
 This function uses a non-reentrant model


 *************** function _LCD_goTo *****************
 Defined at:
		line 271 in file "LCD.c"
 Parameters:    Size  Location     Type
  line            1    wreg     enum E895
  col             1    7[COMMON] enum E899
 Auto vars:     Size  Location     Type
  line            1   10[COMMON] enum E895
  address         1   11[COMMON] unsigned char 
 Return value:  Size  Location     Type
                  1    wreg      void 
 Registers used:
		wreg, status,2, status,0, pclath, cstack
 Tracked objects:
		On entry : 
		On exit  : 
		Unchanged: 
 Data sizes:     COMMON   BANK0   BANK1   BANK3   BANK2
      Params:         1       0       0       0       0
      Locals:         2       0       0       0       0
      Temps:          2       0       0       0       0
      Totals:         5       0       0       0       0
Total ram usage:        5 bytes
 Hardware stack levels used:    1
 Hardware stack levels required when called:    3
 This function calls:
		_LCD_cmd
 This function is called by:
		_LCD_char
 This function uses a non-reentrant model


 *************** function _LCD_clear *****************
 Defined at:
		line 182 in file "LCD.c"
 Parameters:    Size  Location     Type
		None
 Auto vars:     Size  Location     Type
		None
 Return value:  Size  Location     Type
                  1    wreg      void 
 Registers used:
		wreg, status,2, status,0, pclath, cstack
 Tracked objects:
		On entry : 
		On exit  : 
		Unchanged: 
 Data sizes:     COMMON   BANK0   BANK1   BANK3   BANK2
      Params:         0       0       0       0       0
      Locals:         0       0       0       0       0
      Temps:          2       0       0       0       0
      Totals:         2       0       0       0       0
Total ram usage:        2 bytes
 Hardware stack levels used:    1
 Hardware stack levels required when called:    3
 This function calls:
		_LCD_cmd
 This function is called by:
		_AC_authentication
 This function uses a non-reentrant model


 *************** function _LCD_cmd *****************
 Defined at:
		line 261 in file "LCD.c"
 Parameters:    Size  Location     Type
  cmd             1    wreg     unsigned char 
 Auto vars:     Size  Location     Type
  cmd             1    6[COMMON] unsigned char 
 Return value:  Size  Location     Type
                  1    wreg      void 
 Registers used:
		wreg, status,2, status,0, pclath, cstack
 Tracked objects:
		On entry : 
		On exit  : 
		Unchanged: 
 Data sizes:     COMMON   BANK0   BANK1   BANK3   BANK2
      Params:         0       0       0       0       0
      Locals:         1       0       0       0       0
      Temps:          1       0       0       0       0
      Totals:         2       0       0       0       0
Total ram usage:        2 bytes
 Hardware stack levels used:    1
 Hardware stack levels required when called:    2
 This function calls:
		_LCD_out
 This function is called by:
		_LCD_init
		_LCD_clear
		_LCD_goTo
		_LCD_ON
		_LCD_OFF
		_LCD_custom
		_LCD_update
 This function uses a non-reentrant model


 *************** function _LCD_out *****************
 Defined at:
		line 292 in file "LCD.c"
 Parameters:    Size  Location     Type
  data            1    wreg     unsigned char 
 Auto vars:     Size  Location     Type
  data            1    4[COMMON] unsigned char 
 Return value:  Size  Location     Type
                  1    wreg      void 
 Registers used:
		wreg, status,2, status,0, pclath, cstack
 Tracked objects:
		On entry : 
		On exit  : 
		Unchanged: 
 Data sizes:     COMMON   BANK0   BANK1   BANK3   BANK2
      Params:         0       0       0       0       0
      Locals:         1       0       0       0       0
      Temps:          3       0       0       0       0
      Totals:         4       0       0       0       0
Total ram usage:        4 bytes
 Hardware stack levels used:    1
 Hardware stack levels required when called:    1
 This function calls:
		_LCD_latch
 This function is called by:
		_LCD_char
		_LCD_cmd
		_LCD_custom
 This function uses a non-reentrant model


 *************** function _LCD_latch *****************
 Defined at:
		line 281 in file "LCD.c"
 Parameters:    Size  Location     Type
		None
 Auto vars:     Size  Location     Type
		None
 Return value:  Size  Location     Type
                  1    wreg      void 
 Registers used:
		wreg, status,2
 Tracked objects:
		On entry : 
		On exit  : 
		Unchanged: 
 Data sizes:     COMMON   BANK0   BANK1   BANK3   BANK2
      Params:         0       0       0       0       0
      Locals:         0       0       0       0       0
      Temps:          1       0       0       0       0
      Totals:         1       0       0       0       0
Total ram usage:        1 bytes
 Hardware stack levels used:    1
 This function calls:
		Nothing
 This function is called by:
		_LCD_out
 This function uses a non-reentrant model


 *************** function _EEPROM_writeStr *****************
 Defined at:
		line 118 in file "EEPROM.c"
 Parameters:    Size  Location     Type
  startAddress    1    wreg     unsigned char 
  pStr            1    4[COMMON] PTR unsigned char 
		 -> user_password(6), 
 Auto vars:     Size  Location     Type
  startAddress    1    6[COMMON] unsigned char 
  i               1    7[COMMON] unsigned char 
 Return value:  Size  Location     Type
                  1    wreg      void 
 Registers used:
		wreg, fsr0l, fsr0h, status,2, status,0, pclath, cstack
 Tracked objects:
		On entry : 
		On exit  : 
		Unchanged: 
 Data sizes:     COMMON   BANK0   BANK1   BANK3   BANK2
      Params:         1       0       0       0       0
      Locals:         2       0       0       0       0
      Temps:          1       0       0       0       0
      Totals:         4       0       0       0       0
Total ram usage:        4 bytes
 Hardware stack levels used:    1
 Hardware stack levels required when called:    1
 This function calls:
		_EEPROM_writeByte
 This function is called by:
		_AC_authentication
 This function uses a non-reentrant model


 *************** function _EEPROM_writeByte *****************
 Defined at:
		line 28 in file "EEPROM.c"
 Parameters:    Size  Location     Type
  address         1    wreg     unsigned char 
  data            1    0[COMMON] unsigned char 
 Auto vars:     Size  Location     Type
  address         1    2[COMMON] unsigned char 
  state           1    3[COMMON] unsigned char 
 Return value:  Size  Location     Type
                  1    wreg      void 
 Registers used:
		wreg, status,2, status,0
 Tracked objects:
		On entry : 
		On exit  : 
		Unchanged: 
 Data sizes:     COMMON   BANK0   BANK1   BANK3   BANK2
      Params:         1       0       0       0       0
      Locals:         2       0       0       0       0
      Temps:          1       0       0       0       0
      Totals:         4       0       0       0       0
Total ram usage:        4 bytes
 Hardware stack levels used:    1
 This function calls:
		Nothing
 This function is called by:
		_EEPROM_writeStr
		_AC_authentication
		_EEPROM_write4Bytes
 This function uses a non-reentrant model


 *************** function _EEPROM_readStr *****************
 Defined at:
		line 131 in file "EEPROM.c"
 Parameters:    Size  Location     Type
  startAddress    1    wreg     unsigned char 
  pStr            1    3[COMMON] PTR unsigned char 
		 -> AC_authentication@password(6), 
 Auto vars:     Size  Location     Type
  startAddress    1    6[COMMON] unsigned char 
  ch              1    8[COMMON] unsigned char 
  i               1    7[COMMON] unsigned char 
 Return value:  Size  Location     Type
                  1    wreg      void 
 Registers used:
		wreg, fsr0l, fsr0h, status,2, status,0, pclath, cstack
 Tracked objects:
		On entry : 
		On exit  : 
		Unchanged: 
 Data sizes:     COMMON   BANK0   BANK1   BANK3   BANK2
      Params:         1       0       0       0       0
      Locals:         3       0       0       0       0
      Temps:          2       0       0       0       0
      Totals:         6       0       0       0       0
Total ram usage:        6 bytes
 Hardware stack levels used:    1
 Hardware stack levels required when called:    1
 This function calls:
		_EEPROM_readByte
 This function is called by:
		_AC_authentication
 This function uses a non-reentrant model


 *************** function _EEPROM_readByte *****************
 Defined at:
		line 66 in file "EEPROM.c"
 Parameters:    Size  Location     Type
  address         1    wreg     unsigned char 
  pData           1    0[COMMON] PTR unsigned char 
		 -> flag(1), EEPROM_readStr@ch(1), EEPROM_read4Bytes@oneByte(1), 
 Auto vars:     Size  Location     Type
  address         1    2[COMMON] unsigned char 
 Return value:  Size  Location     Type
                  1    wreg      void 
 Registers used:
		wreg, fsr0l, fsr0h
 Tracked objects:
		On entry : 
		On exit  : 
		Unchanged: 
 Data sizes:     COMMON   BANK0   BANK1   BANK3   BANK2
      Params:         1       0       0       0       0
      Locals:         1       0       0       0       0
      Temps:          1       0       0       0       0
      Totals:         3       0       0       0       0
Total ram usage:        3 bytes
 Hardware stack levels used:    1
 This function calls:
		Nothing
 This function is called by:
		_EEPROM_readStr
		_AC_authentication
		_EEPROM_read4Bytes
 This function uses a non-reentrant model



MODULE INFORMATION

Module		Function		Class		Link	Load	Size
C:\Program Files (x86)\Microchip\xc8\v2.05\pic\sources\c90\common\llmod.c
		___llmod       		CODE           	0304	0000	77

C:\Program Files (x86)\Microchip\xc8\v2.05\pic\sources\c90\common\llmod.c estimated size: 77

PASSWORD.c
		_PASSWORD_read 		CODE           	028B	0000	57
		_PASSWORD_init 		CODE           	0057	0000	11
		_PASSWORD_check		CODE           	0111	0000	23

PASSWORD.c estimated size: 91

ACCESS_CTRL.c
		_AC_init       		CODE           	00E7	0000	21
		_AC_authentication		CODE           	0583	0000	251

ACCESS_CTRL.c estimated size: 272

UTILITY.c
		_UTIL_STRcopy  		CODE           	0173	0000	34
		_UTIL_STRlength		CODE           	0140	0000	26
		_UTIL_INTtoSTR 		CODE           	03AE	0000	117
		_UTIL_STRcompare		CODE           	02C3	0000	66

UTILITY.c estimated size: 243

EEPROM_TEST.c
		_main          		CODE           	0061	0000	12

EEPROM_TEST.c estimated size: 12

EEPROM.c
		_EEPROM_init   		CODE           	006C	0000	15
		_EEPROM_writeByte		CODE           	01B7	0000	38
		_EEPROM_readStr		CODE           	0194	0000	36
		_EEPROM_readByte		CODE           	0127	0000	26
		_EEPROM_writeStr		CODE           	0203	0000	43

EEPROM.c estimated size: 158

shared
		__stringtab    		STRING         	0003	0000	17
		__initialization		CODE           	07E2	0000	27

shared estimated size: 44

KPAD.c
		_KPAD_waitKey  		CODE           	00C0	0000	20
		_KPAD_init     		CODE           	01DC	0000	40
		_KPAD_getKey   		CODE           	0422	0000	132

KPAD.c estimated size: 192

C:\Program Files (x86)\Microchip\xc8\v2.05\pic\sources\c90\common\__lldiv.c
		___lldiv       		CODE           	0350	0000	95

C:\Program Files (x86)\Microchip\xc8\v2.05\pic\sources\c90\common\__lldiv.c estimated size: 95

LCD.c
		_LCD_clear     		CODE           	00FB	0000	23
		_LCD_goTo      		CODE           	00D3	0000	21
		_LCD_latch     		CODE           	009B	0000	19
		_LCD_str       		CODE           	025A	0000	50
		_LCD_init      		CODE           	04A5	0000	223
		_LCD_out       		CODE           	067D	0000	358
		_LCD_num       		CODE           	022D	0000	46
		_LCD_cmd       		CODE           	00AD	0000	20
		_LCD_char      		CODE           	0159	0000	27

LCD.c estimated size: 787

