Microchip MPLAB XC8 Compiler V2.05 ()

Linker command line:

-W-3 --edf=C:\Program Files (x86)\Microchip\xc8\v2.05\pic\dat\en_msgs.txt \
  -cs -h+dist/default/production\MyStopWatch.X.production.sym \
  --cmf=dist/default/production\MyStopWatch.X.production.cmf -z -Q16F877A \
  -oC:\Users\A7MEDG~1.ASH\AppData\Local\Temp\s3dg.2 \
  --defsym=__MPLAB_BUILD=1 \
  -Mdist/default/production/MyStopWatch.X.production.map -E1 -ver=XC8 \
  --acfsm=1493 -ASTACK=0138h-016Fh -pstack=STACK -ACODE=00h-07FFhx4 \
  -ASTRCODE=00h-01FFFh -ASTRING=00h-0FFhx32 -ACONST=00h-0FFhx32 \
  -AENTRY=00h-0FFhx32 -ACOMMON=070h-07Fh -ABANK0=020h-06Fh \
  -ABANK1=0A0h-0EFh -ABANK2=0110h-016Fh -ABANK3=0190h-01EFh \
  -ARAM=020h-06Fh,0A0h-0EFh,0110h-016Fh,0190h-01EFh \
  -AABS1=020h-07Fh,0A0h-0EFh,0110h-016Fh,0190h-01EFh -ASFR0=00h-01Fh \
  -ASFR1=080h-09Fh -ASFR2=0100h-010Fh -ASFR3=0180h-018Fh \
  -preset_vec=00h,intentry=04h,init,end_init -ppowerup=CODE -pcinit=CODE \
  -pfunctab=ENTRY -ACONFIG=02007h-02007h -pconfig=CONFIG -DCONFIG=2 \
  -AIDLOC=02000h-02003h -pidloc=IDLOC -DIDLOC=2 -AEEDATA=00h-0FFh/02100h \
  -peeprom_data=EEDATA -DEEDATA=2 -DCODE=2 -DSTRCODE=2 -DSTRING=2 -DCONST=2 \
  -DENTRY=2 -k C:\Users\A7MEDG~1.ASH\AppData\Local\Temp\s3dg.o \
  dist/default/production\MyStopWatch.X.production.o 

Object code version is 3.11

Machine type is 16F877A



                Name                               Link     Load   Length Selector   Space Scale
C:\Users\A7MEDG~1.ASH\AppData\Local\Temp\s3dg.o
                end_init                             10       10        3        8       0
                reset_vec                             0        0        3        0       0
                config                             2007     2007        1     400E       0
dist/default/production\MyStopWatch.X.production.o
                cinit                                13       13       38        8       0
                intentry                              4        4        C        8       0
                text48                              AA8      AA8       11     1550       0
                text47                              A9A      A9A        E     1534       0
                text46                              EED      EED       59     1DDA       0
                text45                              E56      E56       4B     1CAC       0
                text44                              A67      A67        8     14CE       0
                text43                              AB9      AB9       11     1572       0
                text42                              3F9      3F9       A7        8       0
                text41                              352      352       A7        8       0
                text40                              A8F      A8F        B     151E       0
                text39                              A5C      A5C        4     14B8       0
                text38                              53B      53B       96        8       0
                text37                              B2C      B2C       18     1658       0
                text36                              E0C      E0C       4A     1C18       0
                text35                              744      744       6D        8       0
                text34                              6D7      6D7       6D        8       0
                text33                              B76      B76       1C     16EC       0
                text32                              CC7      CC7       2B     198E       0
                text31                              EA1      EA1       4C     1D42       0
                text30                               4B       4B      151        8       0
                text29                              C77      C77       28     18EE       0
                text28                              D8F      D8F       3E     1B1E       0
                text27                              C2B      C2B       26     1856       0
                text26                              AEE      AEE       14     15DC       0
                text25                              D52      D52       3D     1AA4       0
                text24                              666      666       71        8       0
                text23                              A6F      A6F        8     14DE       0
                text22                              C9F      C9F       28     193E       0
                text21                              F46      F46       5B     1E8C       0
                text20                              7B1      7B1       4D        8       0
                text19                              B44      B44       18     1688       0
                text18                              A77      A77        8     14EE       0
                text17                              ADB      ADB       13     15B6       0
                text16                              C07      C07       24     180E       0
                text15                              CF2      CF2       2D     19E4       0
                text14                              2A1      2A1       B1        8       0
                text13                              19C      19C      105        8       0
                text12                              B02      B02       15     1604       0
                text11                              4A0      4A0       9B        8       0
                text10                              C51      C51       26     18A2       0
                text9                               5D1      5D1       95        8       0
                text8                               A60      A60        7     14C0       0
                text7                               B92      B92       1D     1724       0
                text6                               BAF      BAF       1D     175E       0
                text5                               B5C      B5C       1A     16B8       0
                text4                               A7F      A7F        8     14FE       0
                text3                               BCC      BCC       1D     1798       0
                text2                               FA1      FA1       5F     1F42       0
                text1                               DCD      DCD       3F     1B9A       0
                maintext                            D1F      D1F       33     1A3E       0
                cstackBANK0                          20       20       2B       20       1
                cstackCOMMON                         70       70        E       70       1
                cstackBANK2                         110      110       28      110       1
                clrtext                             A87      A87        8     150E       0
                inittext                            ACA      ACA       11     1594       0
                dataBANK3                           1B8      1B8       15      190       1
                bssBANK3                            190      190       28      190       1
                dataBANK1                            BE       BE       1E       A0       1
                bssBANK1                             A0       A0       1E       A0       1
                bssBANK0                             4B       4B        E       20       1
                idataBANK3                          B17      B17       15     162E       0
                idataBANK1                          BE9      BE9       1E     17D2       0

TOTAL           Name                               Link     Load   Length     Space
        CLASS   STACK          

        CLASS   CODE           
                end_init                             10       10        3         0
                cinit                                13       13       38         0
                intentry                              4        4        C         0
                reset_vec                             0        0        3         0
                text48                              AA8      AA8       11         0
                text47                              A9A      A9A        E         0
                text46                              EED      EED       59         0
                text45                              E56      E56       4B         0
                text44                              A67      A67        8         0
                text43                              AB9      AB9       11         0
                text42                              3F9      3F9       A7         0
                text41                              352      352       A7         0
                text40                              A8F      A8F        B         0
                text39                              A5C      A5C        4         0
                text38                              53B      53B       96         0
                text37                              B2C      B2C       18         0
                text36                              E0C      E0C       4A         0
                text35                              744      744       6D         0
                text34                              6D7      6D7       6D         0
                text33                              B76      B76       1C         0
                text32                              CC7      CC7       2B         0
                text31                              EA1      EA1       4C         0
                text30                               4B       4B      151         0
                text29                              C77      C77       28         0
                text28                              D8F      D8F       3E         0
                text27                              C2B      C2B       26         0
                text26                              AEE      AEE       14         0
                text25                              D52      D52       3D         0
                text24                              666      666       71         0
                text23                              A6F      A6F        8         0
                text22                              C9F      C9F       28         0
                text21                              F46      F46       5B         0
                text20                              7B1      7B1       4D         0
                text19                              B44      B44       18         0
                text18                              A77      A77        8         0
                text17                              ADB      ADB       13         0
                text16                              C07      C07       24         0
                text15                              CF2      CF2       2D         0
                text14                              2A1      2A1       B1         0
                text13                              19C      19C      105         0
                text12                              B02      B02       15         0
                text11                              4A0      4A0       9B         0
                text10                              C51      C51       26         0
                text9                               5D1      5D1       95         0
                text8                               A60      A60        7         0
                text7                               B92      B92       1D         0
                text6                               BAF      BAF       1D         0
                text5                               B5C      B5C       1A         0
                text4                               A7F      A7F        8         0
                text3                               BCC      BCC       1D         0
                text2                               FA1      FA1       5F         0
                text1                               DCD      DCD       3F         0
                maintext                            D1F      D1F       33         0
                clrtext                             A87      A87        8         0
                inittext                            ACA      ACA       11         0
                idataBANK3                          B17      B17       15         0
                idataBANK1                          BE9      BE9       1E         0

        CLASS   STRCODE        

        CLASS   STRING         

        CLASS   CONST          

        CLASS   ENTRY          

        CLASS   COMMON         
                cstackCOMMON                         70       70        E         1

        CLASS   BANK0          
                cstackBANK0                          20       20       2B         1
                bssBANK0                             4B       4B        E         1

        CLASS   BANK1          
                dataBANK1                            BE       BE       1E         1
                bssBANK1                             A0       A0       1E         1

        CLASS   BANK2          
                cstackBANK2                         110      110       28         1

        CLASS   BANK3          
                dataBANK3                           1B8      1B8       15         1
                bssBANK3                            190      190       28         1

        CLASS   RAM            

        CLASS   ABS1           
                abs_s1                               7E       7E        2         1

        CLASS   SFR0           

        CLASS   SFR1           

        CLASS   SFR2           

        CLASS   SFR3           

        CLASS   CONFIG         
                config                             2007     2007        1         0

        CLASS   IDLOC          

        CLASS   EEDATA         



SEGMENTS        Name                           Load    Length   Top    Selector   Space  Class     Delta

                reset_vec                      000000  000003  000003         0       0  CODE        2
                intentry                       000004  0007FA  0007FE         8       0  CODE        2
                cstackBANK0                    000020  000039  000059        20       1  BANK0       1
                cstackCOMMON                   000070  00000E  00007E        70       1  COMMON      1
                bssBANK1                       0000A0  00003C  0000DC        A0       1  BANK1       1
                cstackBANK2                    000110  000028  000138       110       1  BANK2       1
                bssBANK3                       000190  00003D  0001CD       190       1  BANK3       1
                text39                         000A5C  000004  000A60      14B8       0  CODE        2
                text8                          000A60  000007  000A67      14C0       0  CODE        2
                text44                         000A67  000008  000A6F      14CE       0  CODE        2
                text23                         000A6F  000008  000A77      14DE       0  CODE        2
                text18                         000A77  000008  000A7F      14EE       0  CODE        2
                text4                          000A7F  000008  000A87      14FE       0  CODE        2
                clrtext                        000A87  000008  000A8F      150E       0  CODE        2
                text40                         000A8F  00000B  000A9A      151E       0  CODE        2
                text47                         000A9A  00000E  000AA8      1534       0  CODE        2
                text48                         000AA8  000011  000AB9      1550       0  CODE        2
                text43                         000AB9  000011  000ACA      1572       0  CODE        2
                inittext                       000ACA  000011  000ADB      1594       0  CODE        2
                text17                         000ADB  000013  000AEE      15B6       0  CODE        2
                text26                         000AEE  000014  000B02      15DC       0  CODE        2
                text12                         000B02  000015  000B17      1604       0  CODE        2
                idataBANK3                     000B17  000015  000B2C      162E       0  CODE        2
                text37                         000B2C  000018  000B44      1658       0  CODE        2
                text19                         000B44  000018  000B5C      1688       0  CODE        2
                text5                          000B5C  00001A  000B76      16B8       0  CODE        2
                text33                         000B76  00001C  000B92      16EC       0  CODE        2
                text7                          000B92  00001D  000BAF      1724       0  CODE        2
                text6                          000BAF  00001D  000BCC      175E       0  CODE        2
                text3                          000BCC  00001D  000BE9      1798       0  CODE        2
                idataBANK1                     000BE9  00001E  000C07      17D2       0  CODE        2
                text16                         000C07  000024  000C2B      180E       0  CODE        2
                text27                         000C2B  000026  000C51      1856       0  CODE        2
                text10                         000C51  000026  000C77      18A2       0  CODE        2
                text29                         000C77  000028  000C9F      18EE       0  CODE        2
                text22                         000C9F  000028  000CC7      193E       0  CODE        2
                text32                         000CC7  00002B  000CF2      198E       0  CODE        2
                text15                         000CF2  00002D  000D1F      19E4       0  CODE        2
                maintext                       000D1F  000033  000D52      1A3E       0  CODE        2
                text25                         000D52  00003D  000D8F      1AA4       0  CODE        2
                text28                         000D8F  00003E  000DCD      1B1E       0  CODE        2
                text1                          000DCD  00003F  000E0C      1B9A       0  CODE        2
                text36                         000E0C  00004A  000E56      1C18       0  CODE        2
                text45                         000E56  00004B  000EA1      1CAC       0  CODE        2
                text31                         000EA1  00004C  000EED      1D42       0  CODE        2
                text46                         000EED  000059  000F46      1DDA       0  CODE        2
                text21                         000F46  00005B  000FA1      1E8C       0  CODE        2
                text2                          000FA1  00005F  001000      1F42       0  CODE        2
                config                         002007  000001  002008      400E       0  CONFIG      2


UNUSED ADDRESS RANGES

        Name                Unused          Largest block    Delta
        BANK0            0059-006F             17           1
        BANK1            00DC-00EF             14           1
        BANK2            0138-016F             38           1
        BANK3            01CD-01EF             23           1
        CODE             0003-0003              1           2
                         07FE-0A5B              2
                         1000-1FFF            800
        CONST            0003-0003              1           2
                         07FE-0A5B            100
                         1000-1FFF            100
        EEDATA           2100-21FF            100           2
        ENTRY            0003-0003              1           2
                         07FE-0A5B            100
                         1000-1FFF            100
        IDLOC            2000-2003              4           2
        RAM              0059-006F             17           1
                         00DC-00EF             14
                         0138-016F             38
                         01CD-01EF             23
        SFR0             0000-001F             20           1
        SFR1             0080-009F             20           1
        SFR2             0100-010F             10           1
        SFR3             0180-018F             10           1
        STACK            0138-016F             38           1
        STRCODE          0003-0003              1           2
                         07FE-0A5B            25E
                         1000-1FFF           1000
        STRING           0003-0003              1           2
                         07FE-0A5B            100
                         1000-1FFF            100

                                  Symbol Table

?___awdiv                             cstackBANK0  002F
?___awmod                             cstackBANK0  002F
?i1___awdiv                           cstackCOMMON 0070
?i1___awmod                           cstackCOMMON 0070
T0_counter_mode_state@s               cstackBANK0  0031
T0_timer_mode_state@s                 cstackBANK0  0031
_APP_UPDATE                           text22       0C9F
_T0_counter_mode_state                text7        0B92
_T0_timer_mode_state                  text6        0BAF
__CFG_BOREN$ON                        (abs)        0000
__CFG_CP$OFF                          (abs)        0000
__CFG_CPD$OFF                         (abs)        0000
__CFG_FOSC$HS                         (abs)        0000
__CFG_LVP$OFF                         (abs)        0000
__CFG_PWRTE$ON                        (abs)        0000
__CFG_WDTE$OFF                        (abs)        0000
__CFG_WRT$OFF                         (abs)        0000
__Habs1                               abs1         0000
__Hbank0                              bank0        0000
__Hbank1                              bank1        0000
__Hbank2                              bank2        0000
__Hbank3                              bank3        0000
__HbssBANK0                           bssBANK0     0000
__HbssBANK1                           bssBANK1     0000
__HbssBANK3                           bssBANK3     0000
__Hcinit                              cinit        004B
__Hclrtext                            clrtext      0000
__Hcode                               code         0000
__Hcommon                             common       0000
__Hconfig                             config       2008
__HcstackBANK0                        cstackBANK0  0000
__HcstackBANK2                        cstackBANK2  0000
__HcstackCOMMON                       cstackCOMMON 0000
__HdataBANK1                          dataBANK1    0000
__HdataBANK3                          dataBANK3    0000
__Heeprom_data                        eeprom_data  0000
__Hend_init                           end_init     0013
__Hfunctab                            functab      0000
__HidataBANK1                         idataBANK1   0000
__HidataBANK3                         idataBANK3   0000
__Hidloc                              idloc        0000
__Hinit                               init         0010
__Hinittext                           inittext     0000
__Hintentry                           intentry     0010
__Hmaintext                           maintext     0000
__Hpowerup                            powerup      0000
__Hram                                ram          0000
__Hreset_vec                          reset_vec    0003
__Hsfr0                               sfr0         0000
__Hsfr1                               sfr1         0000
__Hsfr2                               sfr2         0000
__Hsfr3                               sfr3         0000
__Hspace_0                            (abs)        2008
__Hspace_1                            (abs)        01CD
__Hspace_2                            (abs)        0000
__Hspace_3                            (abs)        0000
__Hstack                              stack        0000
__Hstrings                            strings      0000
__Htext                               text         0000
__Labs1                               abs1         0000
__Lbank0                              bank0        0000
__Lbank1                              bank1        0000
__Lbank2                              bank2        0000
__Lbank3                              bank3        0000
__LbssBANK0                           bssBANK0     0000
__LbssBANK1                           bssBANK1     0000
__LbssBANK3                           bssBANK3     0000
__Lcinit                              cinit        0013
__Lclrtext                            clrtext      0000
__Lcode                               code         0000
__Lcommon                             common       0000
__Lconfig                             config       2007
__LcstackBANK0                        cstackBANK0  0000
__LcstackBANK2                        cstackBANK2  0000
__LcstackCOMMON                       cstackCOMMON 0000
__LdataBANK1                          dataBANK1    0000
__LdataBANK3                          dataBANK3    0000
__Leeprom_data                        eeprom_data  0000
__Lend_init                           end_init     0010
__Lfunctab                            functab      0000
__LidataBANK1                         idataBANK1   0000
__LidataBANK3                         idataBANK3   0000
__Lidloc                              idloc        0000
__Linit                               init         0010
__Linittext                           inittext     0000
__Lintentry                           intentry     0004
__Lmaintext                           maintext     0000
__Lpowerup                            powerup      0000
__Lram                                ram          0000
__Lreset_vec                          reset_vec    0000
__Lsfr0                               sfr0         0000
__Lsfr1                               sfr1         0000
__Lsfr2                               sfr2         0000
__Lsfr3                               sfr3         0000
__Lspace_0                            (abs)        0000
__Lspace_1                            (abs)        0000
__Lspace_2                            (abs)        0000
__Lspace_3                            (abs)        0000
__Lstack                              stack        0000
__Lstrings                            strings      0000
__Ltext                               text         0000
__S0                                  (abs)        2008
__S1                                  (abs)        01CD
__S2                                  (abs)        0000
__S3                                  (abs)        0000
___awdiv                              text21       0F46
___awdiv@counter                      cstackBANK0  0034
___awdiv@dividend                     cstackBANK0  0031
___awdiv@divisor                      cstackBANK0  002F
___awdiv@quotient                     cstackBANK0  0036
___awdiv@sign                         cstackBANK0  0035
___awmod                              text20       07B1
___awmod@counter                      cstackBANK0  0034
___awmod@dividend                     cstackBANK0  0031
___awmod@divisor                      cstackBANK0  002F
___awmod@sign                         cstackBANK0  0035
___bmul                               text17       0ADB
___bmul@multiplicand                  cstackBANK0  002F
___bmul@multiplier                    cstackBANK0  0032
___bmul@product                       cstackBANK0  0031
___int_sp                             stack        0000
___latbits                            (abs)        0002
___sp                                 stack        0000
___stackhi                            (abs)        0000
___stacklo                            (abs)        0000
__end_of_APP_UPDATE                   text22       0CC7
__end_of_T0_counter_mode_state        text7        0BAF
__end_of_T0_timer_mode_state          text6        0BCC
__end_of___awdiv                      text21       0FA1
__end_of___awmod                      text20       07FE
__end_of___bmul                       text17       0AEE
__end_of__initialization              cinit        0047
__end_of_adjust_hours_mode_display    text42       04A0
__end_of_adjust_minutes_mode_display  text41       03F9
__end_of_display_init                 text11       053B
__end_of_display_update               text36       0E56
__end_of_dot_display                  text16       0C2B
__end_of_get_mode                     text40       0A9A
__end_of_get_time                     text19       0B5C
__end_of_main                         maintext     0D52
__end_of_normal_mode_display          text38       05D1
__end_of_ssdDot_getState              text39       0A60
__end_of_ssdDot_setState              text18       0A7F
__end_of_ssd_display                  text15       0D1F
__end_of_ssd_getSymbol                text47       0AA8
__end_of_ssd_init                     text13       02A1
__end_of_ssd_off                      text35       07B1
__end_of_ssd_on                       text34       0744
__end_of_ssd_schematic_init           text14       0352
__end_of_ssd_setSymbol                text12       0B17
__end_of_ssd_update                   text31       0EED
__end_of_sw_minus_handler             text29       0C9F
__end_of_sw_plus_handler              text28       0DCD
__end_of_sw_setting_handler           text27       0C51
__end_of_switch_getState              text26       0B02
__end_of_switch_init                  text9        0666
__end_of_switch_update                text30       019C
__end_of_switches_Schematic_init      text10       0C77
__end_of_time_init                    text8        0A67
__end_of_time_update                  text24       06D7
__end_of_timer0_init                  text1        0E0C
__end_of_timer0_ovf_setState          text5        0B76
__end_of_timer0_reload                text4        0A87
__end_of_timer0_set_mode              text3        0BE9
__end_of_timer0_set_prescaller        text2        1000
__end_of_update_current_time          text25       0D8F
__end_ofi1___awdiv                    text46       0F46
__end_ofi1___awmod                    text45       0EA1
__end_ofi1___bmul                     text48       0AB9
__end_ofi1_dot_display                text33       0B92
__end_ofi1_get_time                   text37       0B44
__end_ofi1_ssdDot_setState            text44       0A6F
__end_ofi1_ssd_display                text32       0CF2
__end_ofi1_ssd_setSymbol              text43       0ACA
__end_ofi1_timer0_reload              text23       0A77
__initialization                      cinit        0013
__pbssBANK0                           bssBANK0     004B
__pbssBANK1                           bssBANK1     00A0
__pbssBANK3                           bssBANK3     0190
__pcstackBANK0                        cstackBANK0  0020
__pcstackBANK2                        cstackBANK2  0110
__pcstackCOMMON                       cstackCOMMON 0070
__pdataBANK1                          dataBANK1    00BE
__pdataBANK3                          dataBANK3    01B8
__pidataBANK1                         idataBANK1   0BE9
__pidataBANK3                         idataBANK3   0B17
__pintentry                           intentry     0004
__pmaintext                           maintext     0D1F
__ptext1                              text1        0DCD
__ptext10                             text10       0C51
__ptext11                             text11       04A0
__ptext12                             text12       0B02
__ptext13                             text13       019C
__ptext14                             text14       02A1
__ptext15                             text15       0CF2
__ptext16                             text16       0C07
__ptext17                             text17       0ADB
__ptext18                             text18       0A77
__ptext19                             text19       0B44
__ptext2                              text2        0FA1
__ptext20                             text20       07B1
__ptext21                             text21       0F46
__ptext22                             text22       0C9F
__ptext23                             text23       0A6F
__ptext24                             text24       0666
__ptext25                             text25       0D52
__ptext26                             text26       0AEE
__ptext27                             text27       0C2B
__ptext28                             text28       0D8F
__ptext29                             text29       0C77
__ptext3                              text3        0BCC
__ptext30                             text30       004B
__ptext31                             text31       0EA1
__ptext32                             text32       0CC7
__ptext33                             text33       0B76
__ptext34                             text34       06D7
__ptext35                             text35       0744
__ptext36                             text36       0E0C
__ptext37                             text37       0B2C
__ptext38                             text38       053B
__ptext39                             text39       0A5C
__ptext4                              text4        0A7F
__ptext40                             text40       0A8F
__ptext41                             text41       0352
__ptext42                             text42       03F9
__ptext43                             text43       0AB9
__ptext44                             text44       0A67
__ptext45                             text45       0E56
__ptext46                             text46       0EED
__ptext47                             text47       0A9A
__ptext48                             text48       0AA8
__ptext5                              text5        0B5C
__ptext6                              text6        0BAF
__ptext7                              text7        0B92
__ptext8                              text8        0A60
__ptext9                              text9        05D1
__size_of_APP_UPDATE                  (abs)        0000
__size_of_T0_counter_mode_state       (abs)        0000
__size_of_T0_timer_mode_state         (abs)        0000
__size_of___awdiv                     (abs)        0000
__size_of___awmod                     (abs)        0000
__size_of___bmul                      (abs)        0000
__size_of_adjust_hours_mode_display   (abs)        0000
__size_of_adjust_minutes_mode_display (abs)        0000
__size_of_display_init                (abs)        0000
__size_of_display_update              (abs)        0000
__size_of_dot_display                 (abs)        0000
__size_of_get_mode                    (abs)        0000
__size_of_get_time                    (abs)        0000
__size_of_main                        (abs)        0000
__size_of_normal_mode_display         (abs)        0000
__size_of_ssdDot_getState             (abs)        0000
__size_of_ssdDot_setState             (abs)        0000
__size_of_ssd_display                 (abs)        0000
__size_of_ssd_getSymbol               (abs)        0000
__size_of_ssd_init                    (abs)        0000
__size_of_ssd_off                     (abs)        0000
__size_of_ssd_on                      (abs)        0000
__size_of_ssd_schematic_init          (abs)        0000
__size_of_ssd_setSymbol               (abs)        0000
__size_of_ssd_update                  (abs)        0000
__size_of_sw_minus_handler            (abs)        0000
__size_of_sw_plus_handler             (abs)        0000
__size_of_sw_setting_handler          (abs)        0000
__size_of_switch_getState             (abs)        0000
__size_of_switch_init                 (abs)        0000
__size_of_switch_update               (abs)        0000
__size_of_switches_Schematic_init     (abs)        0000
__size_of_time_init                   (abs)        0000
__size_of_time_update                 (abs)        0000
__size_of_timer0_init                 (abs)        0000
__size_of_timer0_ovf_setState         (abs)        0000
__size_of_timer0_reload               (abs)        0000
__size_of_timer0_set_mode             (abs)        0000
__size_of_timer0_set_prescaller       (abs)        0000
__size_of_update_current_time         (abs)        0000
__size_ofi1___awdiv                   (abs)        0000
__size_ofi1___awmod                   (abs)        0000
__size_ofi1___bmul                    (abs)        0000
__size_ofi1_dot_display               (abs)        0000
__size_ofi1_get_time                  (abs)        0000
__size_ofi1_ssdDot_setState           (abs)        0000
__size_ofi1_ssd_display               (abs)        0000
__size_ofi1_ssd_setSymbol             (abs)        0000
__size_ofi1_timer0_reload             (abs)        0000
_adjust_hours_mode_display            text42       03F9
_adjust_minutes_mode_display          text41       0352
_current_mode                         bssBANK0     0050
_current_sec_period                   bssBANK1     00BC
_current_ssd                          bssBANK0     0053
_current_time                         bssBANK0     004B
_display_init                         text11       04A0
_display_mode                         bssBANK0     0058
_display_time                         bssBANK0     0055
_display_update                       text36       0E0C
_dot_blink_counter                    bssBANK1     00BA
_dot_display                          text16       0C07
_dot_state                            bssBANK0     0052
_get_mode                             text40       0A8F
_get_time                             text19       0B44
_main                                 maintext     0D1F
_mode_blink_counter                   bssBANK1     00B8
_normal_mode_display                  text38       053B
_ssdDot_getState                      text39       0A5C
_ssdDot_setState                      text18       0A77
_ssd_data                             bssBANK3     0190
_ssd_decoder                          dataBANK3    01B8
_ssd_display                          text15       0CF2
_ssd_getSymbol                        text47       0A9A
_ssd_init                             text13       019C
_ssd_off                              text35       0744
_ssd_on                               text34       06D7
_ssd_schematic_init                   text14       02A1
_ssd_setSymbol                        text12       0B02
_ssd_update                           text31       0EA1
_ssd_update$1597                      cstackCOMMON 007C
_sw_minus_handler                     text29       0C77
_sw_plus_handler                      text28       0D8F
_sw_setting_handler                   text27       0C2B
_switch_getState                      text26       0AEE
_switch_init                          text9        05D1
_switch_update                        text30       004B
_switches_Schematic_init              text10       0C51
_switches_data                        bssBANK1     00A0
_time_init                            text8        0A60
_time_update                          text24       0666
_timer0_init                          text1        0DCD
_timer0_ovf_setState                  text5        0B5C
_timer0_reload                        text4        0A7F
_timer0_set_mode                      text3        0BCC
_timer0_set_prescaller                text2        0FA1
_update_current_time                  text25       0D52
btemp                                 (abs)        007E
clear_ram0                            clrtext      0A87
display_update@current_disp_period    bssBANK0     004E
dot_display@state                     cstackBANK0  0031
end_of_initialization                 cinit        0047
get_mode@mode                         cstackCOMMON 0071
get_time@time                         cstackBANK0  0030
i1___awdiv                            text46       0EED
i1___awdiv@counter                    cstackCOMMON 0075
i1___awdiv@dividend                   cstackCOMMON 0072
i1___awdiv@divisor                    cstackCOMMON 0070
i1___awdiv@quotient                   cstackCOMMON 0077
i1___awdiv@sign                       cstackCOMMON 0076
i1___awmod                            text45       0E56
i1___awmod@counter                    cstackCOMMON 0075
i1___awmod@dividend                   cstackCOMMON 0072
i1___awmod@divisor                    cstackCOMMON 0070
i1___awmod@sign                       cstackCOMMON 0076
i1___bmul                             text48       0AA8
i1___bmul@multiplicand                cstackCOMMON 0070
i1___bmul@multiplier                  cstackCOMMON 0072
i1___bmul@product                     cstackCOMMON 0073
i1_dot_display                        text33       0B76
i1_get_time                           text37       0B2C
i1_ssdDot_setState                    text44       0A67
i1_ssd_display                        text32       0CC7
i1_ssd_setSymbol                      text43       0AB9
i1_timer0_reload                      text23       0A6F
i1dot_display@state                   cstackCOMMON 0072
i1get_time@time                       cstackCOMMON 0071
i1ssdDot_setState@state               cstackCOMMON 0071
i1ssd_display@ssd                     cstackCOMMON 0079
i1ssd_display@symbol                  cstackCOMMON 0074
i1ssd_setSymbol@ssd                   cstackCOMMON 007C
i1ssd_setSymbol@symbol                cstackCOMMON 0079
i1timer0_reload@val                   cstackCOMMON 0071
init_fetch0                           inittext     0ACA
init_ram0                             inittext     0ACE
interrupt_function                    intentry     0004
intlevel0                             functab      0000
intlevel1                             functab      0000
intlevel2                             functab      0000
intlevel3                             functab      0000
intlevel4                             functab      0000
intlevel5                             functab      0000
reset_vec                             reset_vec    0000
saved_w                               (abs)        007E
ssdDot_setState@state                 cstackBANK0  0030
ssd_display@ssd                       cstackBANK0  0038
ssd_display@symbol                    cstackBANK0  0033
ssd_getSymbol@ssd                     cstackCOMMON 0075
ssd_init@ssd                          cstackBANK0  0047
ssd_off@ssd                           cstackCOMMON 0074
ssd_on@ssd                            cstackCOMMON 0074
ssd_schematic_init@934                cstackBANK2  0110
ssd_schematic_init@936                cstackBANK2  011A
ssd_schematic_init@938                cstackBANK2  0124
ssd_schematic_init@940                cstackBANK2  012E
ssd_schematic_init@F933               dataBANK1    00D2
ssd_schematic_init@F935               dataBANK1    00C8
ssd_schematic_init@F937               dataBANK1    00BE
ssd_schematic_init@F939               dataBANK3    01C3
ssd_setSymbol@ssd                     cstackBANK0  003B
ssd_setSymbol@symbol                  cstackBANK0  0038
ssd_update@index                      cstackCOMMON 007D
ssd_update@ssd_update_counter         bssBANK0     0051
start                                 init         0010
start_initialization                  cinit        0013
switch_getState@ret                   cstackCOMMON 0073
switch_getState@sw                    cstackCOMMON 0072
switch_init@index                     cstackBANK0  003C
switch_init@sw                        cstackBANK0  003D
switch_update@sample_index            cstackCOMMON 0077
switch_update@sw_index                cstackCOMMON 0078
switch_update@sw_update_counter       bssBANK0     0054
time_update@current_period            bssBANK0     004F
time_update@index                     cstackCOMMON 007C
timer0_init@m                         cstackBANK0  0032
timer0_init@o                         cstackBANK0  0033
timer0_init@p                         cstackBANK0  0036
timer0_ovf_setState@o                 cstackBANK0  0031
timer0_reload@val                     cstackBANK0  0030
timer0_set_mode@m                     cstackBANK0  0031
timer0_set_prescaller@p               cstackBANK0  0031
wtemp0                                (abs)        007E


FUNCTION INFORMATION:

 *************** function _main *****************
 Defined at:
		line 16 in file "my_stop_watch.c"
 Parameters:    Size  Location     Type
		None
 Auto vars:     Size  Location     Type
		None
 Return value:  Size  Location     Type
                  1    wreg      void 
 Registers used:
		wreg, fsr0l, fsr0h, status,2, status,0, pclath, cstack
 Tracked objects:
		On entry : 
		On exit  : 
		Unchanged: 
 Data sizes:     COMMON   BANK0   BANK1   BANK3   BANK2
      Params:         0       0       0       0       0
      Locals:         0       0       0       0       0
      Temps:          0       0       0       0       0
      Totals:         0       0       0       0       0
Total ram usage:        0 bytes
 Hardware stack levels required when called:    9
 This function calls:
		_T0_timer_mode_state
		_display_init
		_switch_init
		_time_init
		_timer0_init
		_timer0_reload
 This function is called by:
		Startup code after reset
 This function uses a non-reentrant model


 *************** function _timer0_init *****************
 Defined at:
		line 8 in file "TIMER0.c"
 Parameters:    Size  Location     Type
  p               1    wreg     enum E866
  m               1   18[BANK0 ] enum E876
  o               1   19[BANK0 ] enum E884
 Auto vars:     Size  Location     Type
  p               1   22[BANK0 ] enum E866
 Return value:  Size  Location     Type
                  1    wreg      void 
 Registers used:
		wreg, fsr0l, fsr0h, status,2, status,0, pclath, cstack
 Tracked objects:
		On entry : 
		On exit  : 
		Unchanged: 
 Data sizes:     COMMON   BANK0   BANK1   BANK3   BANK2
      Params:         0       2       0       0       0
      Locals:         0       1       0       0       0
      Temps:          0       2       0       0       0
      Totals:         0       5       0       0       0
Total ram usage:        5 bytes
 Hardware stack levels used:    1
 Hardware stack levels required when called:    6
 This function calls:
		_T0_counter_mode_state
		_T0_timer_mode_state
		_timer0_ovf_setState
		_timer0_reload
		_timer0_set_mode
		_timer0_set_prescaller
 This function is called by:
		_main
 This function uses a non-reentrant model


 *************** function _timer0_set_prescaller *****************
 Defined at:
		line 70 in file "TIMER0.c"
 Parameters:    Size  Location     Type
  p               1    wreg     enum E866
 Auto vars:     Size  Location     Type
  p               1   17[BANK0 ] enum E866
 Return value:  Size  Location     Type
                  1    wreg      void 
 Registers used:
		wreg, fsr0l, fsr0h, status,2, status,0
 Tracked objects:
		On entry : 
		On exit  : 
		Unchanged: 
 Data sizes:     COMMON   BANK0   BANK1   BANK3   BANK2
      Params:         0       0       0       0       0
      Locals:         0       1       0       0       0
      Temps:          0       2       0       0       0
      Totals:         0       3       0       0       0
Total ram usage:        3 bytes
 Hardware stack levels used:    1
 Hardware stack levels required when called:    5
 This function calls:
		Nothing
 This function is called by:
		_timer0_init
 This function uses a non-reentrant model


 *************** function _timer0_set_mode *****************
 Defined at:
		line 103 in file "TIMER0.c"
 Parameters:    Size  Location     Type
  m               1    wreg     enum E876
 Auto vars:     Size  Location     Type
  m               1   17[BANK0 ] enum E876
 Return value:  Size  Location     Type
                  1    wreg      void 
 Registers used:
		wreg, fsr0l, fsr0h, status,2, status,0
 Tracked objects:
		On entry : 
		On exit  : 
		Unchanged: 
 Data sizes:     COMMON   BANK0   BANK1   BANK3   BANK2
      Params:         0       0       0       0       0
      Locals:         0       1       0       0       0
      Temps:          0       2       0       0       0
      Totals:         0       3       0       0       0
Total ram usage:        3 bytes
 Hardware stack levels used:    1
 Hardware stack levels required when called:    5
 This function calls:
		Nothing
 This function is called by:
		_timer0_init
 This function uses a non-reentrant model


 *************** function _timer0_reload *****************
 Defined at:
		line 31 in file "TIMER0.c"
 Parameters:    Size  Location     Type
  val             1    wreg     unsigned char 
 Auto vars:     Size  Location     Type
  val             1   16[BANK0 ] unsigned char 
 Return value:  Size  Location     Type
                  1    wreg      void 
 Registers used:
		wreg
 Tracked objects:
		On entry : 
		On exit  : 
		Unchanged: 
 Data sizes:     COMMON   BANK0   BANK1   BANK3   BANK2
      Params:         0       0       0       0       0
      Locals:         0       1       0       0       0
      Temps:          0       1       0       0       0
      Totals:         0       2       0       0       0
Total ram usage:        2 bytes
 Hardware stack levels used:    1
 Hardware stack levels required when called:    5
 This function calls:
		Nothing
 This function is called by:
		_main
		_timer0_init
 This function uses a non-reentrant model


 *************** function _timer0_ovf_setState *****************
 Defined at:
		line 118 in file "TIMER0.c"
 Parameters:    Size  Location     Type
  o               1    wreg     enum E884
 Auto vars:     Size  Location     Type
  o               1   17[BANK0 ] enum E884
 Return value:  Size  Location     Type
                  1    wreg      void 
 Registers used:
		wreg, fsr0l, fsr0h, status,2, status,0
 Tracked objects:
		On entry : 
		On exit  : 
		Unchanged: 
 Data sizes:     COMMON   BANK0   BANK1   BANK3   BANK2
      Params:         0       0       0       0       0
      Locals:         0       1       0       0       0
      Temps:          0       2       0       0       0
      Totals:         0       3       0       0       0
Total ram usage:        3 bytes
 Hardware stack levels used:    1
 Hardware stack levels required when called:    5
 This function calls:
		Nothing
 This function is called by:
		_timer0_init
 This function uses a non-reentrant model


 *************** function _T0_timer_mode_state *****************
 Defined at:
		line 39 in file "TIMER0.c"
 Parameters:    Size  Location     Type
  s               1    wreg     enum E880
 Auto vars:     Size  Location     Type
  s               1   17[BANK0 ] enum E880
 Return value:  Size  Location     Type
                  1    wreg      void 
 Registers used:
		wreg, fsr0l, fsr0h, status,2, status,0
 Tracked objects:
		On entry : 
		On exit  : 
		Unchanged: 
 Data sizes:     COMMON   BANK0   BANK1   BANK3   BANK2
      Params:         0       0       0       0       0
      Locals:         0       1       0       0       0
      Temps:          0       2       0       0       0
      Totals:         0       3       0       0       0
Total ram usage:        3 bytes
 Hardware stack levels used:    1
 Hardware stack levels required when called:    5
 This function calls:
		Nothing
 This function is called by:
		_main
		_timer0_init
 This function uses a non-reentrant model


 *************** function _T0_counter_mode_state *****************
 Defined at:
		line 54 in file "TIMER0.c"
 Parameters:    Size  Location     Type
  s               1    wreg     enum E880
 Auto vars:     Size  Location     Type
  s               1   17[BANK0 ] enum E880
 Return value:  Size  Location     Type
                  1    wreg      void 
 Registers used:
		wreg, fsr0l, fsr0h, status,2, status,0
 Tracked objects:
		On entry : 
		On exit  : 
		Unchanged: 
 Data sizes:     COMMON   BANK0   BANK1   BANK3   BANK2
      Params:         0       0       0       0       0
      Locals:         0       1       0       0       0
      Temps:          0       2       0       0       0
      Totals:         0       3       0       0       0
Total ram usage:        3 bytes
 Hardware stack levels used:    1
 Hardware stack levels required when called:    5
 This function calls:
		Nothing
 This function is called by:
		_timer0_init
 This function uses a non-reentrant model


 *************** function _time_init *****************
 Defined at:
		line 28 in file "TIME.c"
 Parameters:    Size  Location     Type
		None
 Auto vars:     Size  Location     Type
		None
 Return value:  Size  Location     Type
                  1    wreg      void 
 Registers used:
		status,2
 Tracked objects:
		On entry : 
		On exit  : 
		Unchanged: 
 Data sizes:     COMMON   BANK0   BANK1   BANK3   BANK2
      Params:         0       0       0       0       0
      Locals:         0       0       0       0       0
      Temps:          0       0       0       0       0
      Totals:         0       0       0       0       0
Total ram usage:        0 bytes
 Hardware stack levels used:    1
 Hardware stack levels required when called:    5
 This function calls:
		Nothing
 This function is called by:
		_main
 This function uses a non-reentrant model


 *************** function _switch_init *****************
 Defined at:
		line 31 in file "SWITCH.c"
 Parameters:    Size  Location     Type
  sw              1    wreg     enum E866
 Auto vars:     Size  Location     Type
  sw              1   29[BANK0 ] enum E866
  index           1   28[BANK0 ] unsigned char 
 Return value:  Size  Location     Type
                  1    wreg      void 
 Registers used:
		wreg, fsr0l, fsr0h, status,2, status,0, pclath, cstack
 Tracked objects:
		On entry : 
		On exit  : 
		Unchanged: 
 Data sizes:     COMMON   BANK0   BANK1   BANK3   BANK2
      Params:         0       0       0       0       0
      Locals:         0       2       0       0       0
      Temps:          0      12       0       0       0
      Totals:         0      14       0       0       0
Total ram usage:       14 bytes
 Hardware stack levels used:    1
 Hardware stack levels required when called:    6
 This function calls:
		_switches_Schematic_init
 This function is called by:
		_main
 This function uses a non-reentrant model


 *************** function _switches_Schematic_init *****************
 Defined at:
		line 123 in file "SWITCH.c"
 Parameters:    Size  Location     Type
		None
 Auto vars:     Size  Location     Type
		None
 Return value:  Size  Location     Type
                  1    wreg      void 
 Registers used:
		wreg, status,2
 Tracked objects:
		On entry : 
		On exit  : 
		Unchanged: 
 Data sizes:     COMMON   BANK0   BANK1   BANK3   BANK2
      Params:         0       0       0       0       0
      Locals:         0       0       0       0       0
      Temps:          0       1       0       0       0
      Totals:         0       1       0       0       0
Total ram usage:        1 bytes
 Hardware stack levels used:    1
 Hardware stack levels required when called:    5
 This function calls:
		Nothing
 This function is called by:
		_switch_init
 This function uses a non-reentrant model


 *************** function _display_init *****************
 Defined at:
		line 18 in file "DISPLAY.c"
 Parameters:    Size  Location     Type
		None
 Auto vars:     Size  Location     Type
		None
 Return value:  Size  Location     Type
                  1    wreg      void 
 Registers used:
		wreg, fsr0l, fsr0h, status,2, status,0, pclath, cstack
 Tracked objects:
		On entry : 
		On exit  : 
		Unchanged: 
 Data sizes:     COMMON   BANK0   BANK1   BANK3   BANK2
      Params:         0       0       0       0       0
      Locals:         0       0       0       0       0
      Temps:          0       3       0       0       0
      Totals:         0       3       0       0       0
Total ram usage:        3 bytes
 Hardware stack levels used:    1
 Hardware stack levels required when called:    8
 This function calls:
		___awdiv
		___awmod
		_get_time
		_ssdDot_setState
		_ssd_init
		_ssd_setSymbol
 This function is called by:
		_main
 This function uses a non-reentrant model


 *************** function _ssd_setSymbol *****************
 Defined at:
		line 58 in file "SSD.c"
 Parameters:    Size  Location     Type
  ssd             1    wreg     enum E15
  symbol          1   24[BANK0 ] enum E2
 Auto vars:     Size  Location     Type
  ssd             1   27[BANK0 ] enum E15
 Return value:  Size  Location     Type
                  1    wreg      void 
 Registers used:
		wreg, fsr0l, fsr0h, status,2, status,0, pclath, cstack
 Tracked objects:
		On entry : 
		On exit  : 
		Unchanged: 
 Data sizes:     COMMON   BANK0   BANK1   BANK3   BANK2
      Params:         0       1       0       0       0
      Locals:         0       1       0       0       0
      Temps:          0       2       0       0       0
      Totals:         0       4       0       0       0
Total ram usage:        4 bytes
 Hardware stack levels used:    1
 Hardware stack levels required when called:    6
 This function calls:
		___bmul
 This function is called by:
		_display_init
 This function uses a non-reentrant model


 *************** function _ssd_init *****************
 Defined at:
		line 44 in file "SSD.c"
 Parameters:    Size  Location     Type
  ssd             1    wreg     enum E15
 Auto vars:     Size  Location     Type
  ssd             1   39[BANK0 ] enum E15
 Return value:  Size  Location     Type
                  1    wreg      void 
 Registers used:
		wreg, fsr0l, fsr0h, status,2, status,0, pclath, cstack
 Tracked objects:
		On entry : 
		On exit  : 
		Unchanged: 
 Data sizes:     COMMON   BANK0   BANK1   BANK3   BANK2
      Params:         0       0       0       0       0
      Locals:         0       3       0       0       0
      Temps:          0      12       0       0       0
      Totals:         0      15       0       0       0
Total ram usage:       15 bytes
 Hardware stack levels used:    1
 Hardware stack levels required when called:    7
 This function calls:
		___bmul
		_ssd_display
		_ssd_schematic_init
 This function is called by:
		_display_init
 This function uses a non-reentrant model


 *************** function _ssd_schematic_init *****************
 Defined at:
		line 100 in file "SSD.c"
 Parameters:    Size  Location     Type
		None
 Auto vars:     Size  Location     Type
  940            10   30[BANK2 ] struct .
  938            10   20[BANK2 ] struct .
  936            10   10[BANK2 ] struct .
  934            10    0[BANK2 ] struct .
 Return value:  Size  Location     Type
                  1    wreg      void 
 Registers used:
		wreg, fsr0l, fsr0h, status,2, status,0
 Tracked objects:
		On entry : 
		On exit  : 
		Unchanged: 
 Data sizes:     COMMON   BANK0   BANK1   BANK3   BANK2
      Params:         0       0       0       0       0
      Locals:         0       0       0       0      40
      Temps:          0       4       0       0       0
      Totals:         0       4       0       0      40
Total ram usage:       44 bytes
 Hardware stack levels used:    1
 Hardware stack levels required when called:    5
 This function calls:
		Nothing
 This function is called by:
		_ssd_init
 This function uses a non-reentrant model


 *************** function _ssd_display *****************
 Defined at:
		line 110 in file "SSD.c"
 Parameters:    Size  Location     Type
  ssd             1    wreg     enum E15
  symbol          1   19[BANK0 ] enum E2
 Auto vars:     Size  Location     Type
  ssd             1   24[BANK0 ] enum E15
 Return value:  Size  Location     Type
                  1    wreg      void 
 Registers used:
		wreg, fsr0l, fsr0h, status,2, status,0, pclath, cstack
 Tracked objects:
		On entry : 
		On exit  : 
		Unchanged: 
 Data sizes:     COMMON   BANK0   BANK1   BANK3   BANK2
      Params:         0       1       0       0       0
      Locals:         0       1       0       0       0
      Temps:          0       4       0       0       0
      Totals:         0       6       0       0       0
Total ram usage:        6 bytes
 Hardware stack levels used:    1
 Hardware stack levels required when called:    6
 This function calls:
		___bmul
		_dot_display
 This function is called by:
		_ssd_init
 This function uses a non-reentrant model


 *************** function _dot_display *****************
 Defined at:
		line 134 in file "SSD.c"
 Parameters:    Size  Location     Type
  state           1    wreg     enum E21
 Auto vars:     Size  Location     Type
  state           1   17[BANK0 ] enum E21
 Return value:  Size  Location     Type
                  1    wreg      void 
 Registers used:
		wreg, fsr0l, fsr0h, status,2, status,0
 Tracked objects:
		On entry : 
		On exit  : 
		Unchanged: 
 Data sizes:     COMMON   BANK0   BANK1   BANK3   BANK2
      Params:         0       0       0       0       0
      Locals:         0       1       0       0       0
      Temps:          0       2       0       0       0
      Totals:         0       3       0       0       0
Total ram usage:        3 bytes
 Hardware stack levels used:    1
 Hardware stack levels required when called:    5
 This function calls:
		Nothing
 This function is called by:
		_ssd_display
 This function uses a non-reentrant model


 *************** function ___bmul *****************
 Defined at:
		line 4 in file "C:\Program Files (x86)\Microchip\xc8\v2.05\pic\sources\c90\common\Umul8.c"
 Parameters:    Size  Location     Type
  multiplier      1    wreg     unsigned char 
  multiplicand    1   15[BANK0 ] unsigned char 
 Auto vars:     Size  Location     Type
  multiplier      1   18[BANK0 ] unsigned char 
  product         1   17[BANK0 ] unsigned char 
 Return value:  Size  Location     Type
                  1    wreg      unsigned char 
 Registers used:
		wreg, status,2, status,0
 Tracked objects:
		On entry : 
		On exit  : 
		Unchanged: 
 Data sizes:     COMMON   BANK0   BANK1   BANK3   BANK2
      Params:         0       1       0       0       0
      Locals:         0       2       0       0       0
      Temps:          0       1       0       0       0
      Totals:         0       4       0       0       0
Total ram usage:        4 bytes
 Hardware stack levels used:    1
 Hardware stack levels required when called:    5
 This function calls:
		Nothing
 This function is called by:
		_ssd_init
		_ssd_setSymbol
		_ssd_getSymbol
		_ssd_update
		_ssd_display
		_ssd_on
		_ssd_off
		i1_ssd_setSymbol
		i1_ssd_display
 This function uses a non-reentrant model


 *************** function _ssdDot_setState *****************
 Defined at:
		line 127 in file "SSD.c"
 Parameters:    Size  Location     Type
  state           1    wreg     enum E21
 Auto vars:     Size  Location     Type
  state           1   16[BANK0 ] enum E21
 Return value:  Size  Location     Type
                  1    wreg      void 
 Registers used:
		wreg
 Tracked objects:
		On entry : 
		On exit  : 
		Unchanged: 
 Data sizes:     COMMON   BANK0   BANK1   BANK3   BANK2
      Params:         0       0       0       0       0
      Locals:         0       1       0       0       0
      Temps:          0       1       0       0       0
      Totals:         0       2       0       0       0
Total ram usage:        2 bytes
 Hardware stack levels used:    1
 Hardware stack levels required when called:    5
 This function calls:
		Nothing
 This function is called by:
		_display_init
 This function uses a non-reentrant model


 *************** function _get_time *****************
 Defined at:
		line 43 in file "TIME.c"
 Parameters:    Size  Location     Type
  time            1    wreg     PTR struct .
		 -> display_time(3), 
 Auto vars:     Size  Location     Type
  time            1   16[BANK0 ] PTR struct .
		 -> display_time(3), 
 Return value:  Size  Location     Type
                  1    wreg      void 
 Registers used:
		wreg, fsr0l, fsr0h, status,2, status,0
 Tracked objects:
		On entry : 
		On exit  : 
		Unchanged: 
 Data sizes:     COMMON   BANK0   BANK1   BANK3   BANK2
      Params:         0       0       0       0       0
      Locals:         0       1       0       0       0
      Temps:          0       1       0       0       0
      Totals:         0       2       0       0       0
Total ram usage:        2 bytes
 Hardware stack levels used:    1
 Hardware stack levels required when called:    5
 This function calls:
		Nothing
 This function is called by:
		_display_init
 This function uses a non-reentrant model


 *************** function ___awmod *****************
 Defined at:
		line 5 in file "C:\Program Files (x86)\Microchip\xc8\v2.05\pic\sources\c90\common\awmod.c"
 Parameters:    Size  Location     Type
  divisor         2   15[BANK0 ] int 
  dividend        2   17[BANK0 ] int 
 Auto vars:     Size  Location     Type
  sign            1   21[BANK0 ] unsigned char 
  counter         1   20[BANK0 ] unsigned char 
 Return value:  Size  Location     Type
                  2   15[BANK0 ] int 
 Registers used:
		wreg, status,2, status,0
 Tracked objects:
		On entry : 
		On exit  : 
		Unchanged: 
 Data sizes:     COMMON   BANK0   BANK1   BANK3   BANK2
      Params:         0       4       0       0       0
      Locals:         0       2       0       0       0
      Temps:          0       1       0       0       0
      Totals:         0       7       0       0       0
Total ram usage:        7 bytes
 Hardware stack levels used:    1
 Hardware stack levels required when called:    5
 This function calls:
		Nothing
 This function is called by:
		_display_init
 This function uses a non-reentrant model


 *************** function ___awdiv *****************
 Defined at:
		line 5 in file "C:\Program Files (x86)\Microchip\xc8\v2.05\pic\sources\c90\common\awdiv.c"
 Parameters:    Size  Location     Type
  divisor         2   15[BANK0 ] int 
  dividend        2   17[BANK0 ] int 
 Auto vars:     Size  Location     Type
  quotient        2   22[BANK0 ] int 
  sign            1   21[BANK0 ] unsigned char 
  counter         1   20[BANK0 ] unsigned char 
 Return value:  Size  Location     Type
                  2   15[BANK0 ] int 
 Registers used:
		wreg, status,2, status,0
 Tracked objects:
		On entry : 
		On exit  : 
		Unchanged: 
 Data sizes:     COMMON   BANK0   BANK1   BANK3   BANK2
      Params:         0       4       0       0       0
      Locals:         0       4       0       0       0
      Temps:          0       1       0       0       0
      Totals:         0       9       0       0       0
Total ram usage:        9 bytes
 Hardware stack levels used:    1
 Hardware stack levels required when called:    5
 This function calls:
		Nothing
 This function is called by:
		_display_init
 This function uses a non-reentrant model


 *************** function _APP_UPDATE *****************
 Defined at:
		line 39 in file "my_stop_watch.c"
 Parameters:    Size  Location     Type
		None
 Auto vars:     Size  Location     Type
		None
 Return value:  Size  Location     Type
                  1    wreg      void 
 Registers used:
		wreg, fsr0l, fsr0h, status,2, status,0, pclath, cstack
 Tracked objects:
		On entry : 
		On exit  : 
		Unchanged: 
 Data sizes:     COMMON   BANK0   BANK1   BANK3   BANK2
      Params:         0       0       0       0       0
      Locals:         0       0       0       0       0
      Temps:          0       3       0       0       0
      Totals:         0       3       0       0       0
Total ram usage:        3 bytes
 Hardware stack levels used:    1
 Hardware stack levels required when called:    4
 This function calls:
		_display_update
		_ssd_update
		_switch_update
		_time_update
		i1_timer0_reload
 This function is called by:
		Interrupt level 1
 This function uses a non-reentrant model


 *************** function i1_timer0_reload *****************
 Defined at:
		line 31 in file "TIMER0.c"
 Parameters:    Size  Location     Type
  val             1    wreg     unsigned char 
 Auto vars:     Size  Location     Type
  val             1    1[COMMON] unsigned char 
 Return value:  Size  Location     Type
                  1    wreg      void 
 Registers used:
		wreg
 Tracked objects:
		On entry : 
		On exit  : 
		Unchanged: 
 Data sizes:     COMMON   BANK0   BANK1   BANK3   BANK2
      Params:         0       0       0       0       0
      Locals:         1       0       0       0       0
      Temps:          1       0       0       0       0
      Totals:         2       0       0       0       0
Total ram usage:        2 bytes
 Hardware stack levels used:    1
 This function calls:
		Nothing
 This function is called by:
		_APP_UPDATE
 This function uses a non-reentrant model


 *************** function _time_update *****************
 Defined at:
		line 60 in file "TIME.c"
 Parameters:    Size  Location     Type
		None
 Auto vars:     Size  Location     Type
  index           1   12[COMMON] unsigned char 
 Return value:  Size  Location     Type
                  1    wreg      void 
 Registers used:
		wreg, fsr0l, fsr0h, status,2, status,0, pclath, cstack
 Tracked objects:
		On entry : 
		On exit  : 
		Unchanged: 
 Data sizes:     COMMON   BANK0   BANK1   BANK3   BANK2
      Params:         0       0       0       0       0
      Locals:         1       0       0       0       0
      Temps:          2       0       0       0       0
      Totals:         3       0       0       0       0
Total ram usage:        3 bytes
 Hardware stack levels used:    1
 Hardware stack levels required when called:    2
 This function calls:
		_sw_minus_handler
		_sw_plus_handler
		_sw_setting_handler
		_switch_getState
		_update_current_time
 This function is called by:
		_APP_UPDATE
 This function uses a non-reentrant model


 *************** function _update_current_time *****************
 Defined at:
		line 194 in file "TIME.c"
 Parameters:    Size  Location     Type
		None
 Auto vars:     Size  Location     Type
		None
 Return value:  Size  Location     Type
                  1    wreg      void 
 Registers used:
		wreg, status,2, status,0, pclath, cstack
 Tracked objects:
		On entry : 
		On exit  : 
		Unchanged: 
 Data sizes:     COMMON   BANK0   BANK1   BANK3   BANK2
      Params:         0       0       0       0       0
      Locals:         0       0       0       0       0
      Temps:          3       0       0       0       0
      Totals:         3       0       0       0       0
Total ram usage:        3 bytes
 Hardware stack levels used:    1
 Hardware stack levels required when called:    1
 This function calls:
		i1___awmod
 This function is called by:
		_time_update
 This function uses a non-reentrant model


 *************** function _switch_getState *****************
 Defined at:
		line 50 in file "SWITCH.c"
 Parameters:    Size  Location     Type
  sw              1    wreg     enum E866
 Auto vars:     Size  Location     Type
  sw              1    2[COMMON] enum E866
  ret             1    3[COMMON] enum E871
 Return value:  Size  Location     Type
                  1    wreg      enum E871
 Registers used:
		wreg, fsr0l, fsr0h, status,2, status,0
 Tracked objects:
		On entry : 
		On exit  : 
		Unchanged: 
 Data sizes:     COMMON   BANK0   BANK1   BANK3   BANK2
      Params:         0       0       0       0       0
      Locals:         2       0       0       0       0
      Temps:          2       0       0       0       0
      Totals:         4       0       0       0       0
Total ram usage:        4 bytes
 Hardware stack levels used:    1
 This function calls:
		Nothing
 This function is called by:
		_time_update
 This function uses a non-reentrant model


 *************** function _sw_setting_handler *****************
 Defined at:
		line 161 in file "TIME.c"
 Parameters:    Size  Location     Type
		None
 Auto vars:     Size  Location     Type
		None
 Return value:  Size  Location     Type
                  1    wreg      void 
 Registers used:
		wreg, fsr0l, fsr0h, status,2, status,0
 Tracked objects:
		On entry : 
		On exit  : 
		Unchanged: 
 Data sizes:     COMMON   BANK0   BANK1   BANK3   BANK2
      Params:         0       0       0       0       0
      Locals:         0       0       0       0       0
      Temps:          2       0       0       0       0
      Totals:         2       0       0       0       0
Total ram usage:        2 bytes
 Hardware stack levels used:    1
 This function calls:
		Nothing
 This function is called by:
		_time_update
 This function uses a non-reentrant model


 *************** function _sw_plus_handler *****************
 Defined at:
		line 125 in file "TIME.c"
 Parameters:    Size  Location     Type
		None
 Auto vars:     Size  Location     Type
		None
 Return value:  Size  Location     Type
                  1    wreg      void 
 Registers used:
		wreg, fsr0l, fsr0h, status,2, status,0, pclath, cstack
 Tracked objects:
		On entry : 
		On exit  : 
		Unchanged: 
 Data sizes:     COMMON   BANK0   BANK1   BANK3   BANK2
      Params:         0       0       0       0       0
      Locals:         0       0       0       0       0
      Temps:          2       0       0       0       0
      Totals:         2       0       0       0       0
Total ram usage:        2 bytes
 Hardware stack levels used:    1
 Hardware stack levels required when called:    1
 This function calls:
		i1___awmod
 This function is called by:
		_time_update
 This function uses a non-reentrant model


 *************** function _sw_minus_handler *****************
 Defined at:
		line 142 in file "TIME.c"
 Parameters:    Size  Location     Type
		None
 Auto vars:     Size  Location     Type
		None
 Return value:  Size  Location     Type
                  1    wreg      void 
 Registers used:
		wreg, fsr0l, fsr0h, status,2, status,0
 Tracked objects:
		On entry : 
		On exit  : 
		Unchanged: 
 Data sizes:     COMMON   BANK0   BANK1   BANK3   BANK2
      Params:         0       0       0       0       0
      Locals:         0       0       0       0       0
      Temps:          2       0       0       0       0
      Totals:         2       0       0       0       0
Total ram usage:        2 bytes
 Hardware stack levels used:    1
 This function calls:
		Nothing
 This function is called by:
		_time_update
 This function uses a non-reentrant model


 *************** function _switch_update *****************
 Defined at:
		line 64 in file "SWITCH.c"
 Parameters:    Size  Location     Type
		None
 Auto vars:     Size  Location     Type
  sw_index        1    8[COMMON] unsigned char 
  sample_index    1    7[COMMON] unsigned char 
 Return value:  Size  Location     Type
                  1    wreg      void 
 Registers used:
		wreg, fsr0l, fsr0h, status,2, status,0
 Tracked objects:
		On entry : 
		On exit  : 
		Unchanged: 
 Data sizes:     COMMON   BANK0   BANK1   BANK3   BANK2
      Params:         0       0       0       0       0
      Locals:         2       0       0       0       0
      Temps:          7       0       0       0       0
      Totals:         9       0       0       0       0
Total ram usage:        9 bytes
 Hardware stack levels used:    1
 This function calls:
		Nothing
 This function is called by:
		_APP_UPDATE
 This function uses a non-reentrant model


 *************** function _ssd_update *****************
 Defined at:
		line 65 in file "SSD.c"
 Parameters:    Size  Location     Type
		None
 Auto vars:     Size  Location     Type
  index           1   13[COMMON] unsigned char 
 Return value:  Size  Location     Type
                  1    wreg      void 
 Registers used:
		wreg, fsr0l, fsr0h, status,2, status,0, pclath, cstack
 Tracked objects:
		On entry : 
		On exit  : 
		Unchanged: 
 Data sizes:     COMMON   BANK0   BANK1   BANK3   BANK2
      Params:         0       0       0       0       0
      Locals:         2       0       0       0       0
      Temps:          2       0       0       0       0
      Totals:         4       0       0       0       0
Total ram usage:        4 bytes
 Hardware stack levels used:    1
 Hardware stack levels required when called:    2
 This function calls:
		_ssd_off
		_ssd_on
		i1___bmul
		i1_ssd_display
 This function is called by:
		_APP_UPDATE
 This function uses a non-reentrant model


 *************** function i1_ssd_display *****************
 Defined at:
		line 110 in file "SSD.c"
 Parameters:    Size  Location     Type
  ssd             1    wreg     enum E15
  symbol          1    4[COMMON] enum E2
 Auto vars:     Size  Location     Type
  ssd             1    9[COMMON] enum E15
 Return value:  Size  Location     Type
                  1    wreg      void 
 Registers used:
		wreg, fsr0l, fsr0h, status,2, status,0, pclath, cstack
 Tracked objects:
		On entry : 
		On exit  : 
		Unchanged: 
 Data sizes:     COMMON   BANK0   BANK1   BANK3   BANK2
      Params:         1       0       0       0       0
      Locals:         1       0       0       0       0
      Temps:          4       0       0       0       0
      Totals:         6       0       0       0       0
Total ram usage:        6 bytes
 Hardware stack levels used:    1
 Hardware stack levels required when called:    1
 This function calls:
		i1___bmul
		i1_dot_display
 This function is called by:
		_ssd_update
 This function uses a non-reentrant model


 *************** function i1_dot_display *****************
 Defined at:
		line 134 in file "SSD.c"
 Parameters:    Size  Location     Type
  state           1    wreg     enum E21
 Auto vars:     Size  Location     Type
  state           1    2[COMMON] enum E21
 Return value:  Size  Location     Type
                  1    wreg      void 
 Registers used:
		wreg, fsr0l, fsr0h, status,2, status,0
 Tracked objects:
		On entry : 
		On exit  : 
		Unchanged: 
 Data sizes:     COMMON   BANK0   BANK1   BANK3   BANK2
      Params:         0       0       0       0       0
      Locals:         1       0       0       0       0
      Temps:          2       0       0       0       0
      Totals:         3       0       0       0       0
Total ram usage:        3 bytes
 Hardware stack levels used:    1
 This function calls:
		Nothing
 This function is called by:
		i1_ssd_display
 This function uses a non-reentrant model


 *************** function _ssd_on *****************
 Defined at:
		line 119 in file "SSD.c"
 Parameters:    Size  Location     Type
  ssd             1    wreg     enum E15
 Auto vars:     Size  Location     Type
  ssd             1    4[COMMON] enum E15
 Return value:  Size  Location     Type
                  1    wreg      void 
 Registers used:
		wreg, fsr0l, fsr0h, status,2, status,0, pclath, cstack
 Tracked objects:
		On entry : 
		On exit  : 
		Unchanged: 
 Data sizes:     COMMON   BANK0   BANK1   BANK3   BANK2
      Params:         0       0       0       0       0
      Locals:         1       0       0       0       0
      Temps:          0      12       0       0       0
      Totals:         1      12       0       0       0
Total ram usage:       13 bytes
 Hardware stack levels used:    1
 Hardware stack levels required when called:    1
 This function calls:
		i1___bmul
 This function is called by:
		_ssd_update
 This function uses a non-reentrant model


 *************** function _ssd_off *****************
 Defined at:
		line 123 in file "SSD.c"
 Parameters:    Size  Location     Type
  ssd             1    wreg     enum E15
 Auto vars:     Size  Location     Type
  ssd             1    4[COMMON] enum E15
 Return value:  Size  Location     Type
                  1    wreg      void 
 Registers used:
		wreg, fsr0l, fsr0h, status,2, status,0, pclath, cstack
 Tracked objects:
		On entry : 
		On exit  : 
		Unchanged: 
 Data sizes:     COMMON   BANK0   BANK1   BANK3   BANK2
      Params:         0       0       0       0       0
      Locals:         1       0       0       0       0
      Temps:          0      12       0       0       0
      Totals:         1      12       0       0       0
Total ram usage:       13 bytes
 Hardware stack levels used:    1
 Hardware stack levels required when called:    1
 This function calls:
		i1___bmul
 This function is called by:
		_ssd_update
 This function uses a non-reentrant model


 *************** function _display_update *****************
 Defined at:
		line 34 in file "DISPLAY.c"
 Parameters:    Size  Location     Type
		None
 Auto vars:     Size  Location     Type
		None
 Return value:  Size  Location     Type
                  1    wreg      void 
 Registers used:
		wreg, fsr0l, fsr0h, status,2, status,0, pclath, cstack
 Tracked objects:
		On entry : 
		On exit  : 
		Unchanged: 
 Data sizes:     COMMON   BANK0   BANK1   BANK3   BANK2
      Params:         0       0       0       0       0
      Locals:         0       0       0       0       0
      Temps:          0       2       0       0       0
      Totals:         0       2       0       0       0
Total ram usage:        2 bytes
 Hardware stack levels used:    1
 Hardware stack levels required when called:    3
 This function calls:
		_adjust_hours_mode_display
		_adjust_minutes_mode_display
		_get_mode
		_normal_mode_display
		i1_get_time
 This function is called by:
		_APP_UPDATE
 This function uses a non-reentrant model


 *************** function i1_get_time *****************
 Defined at:
		line 43 in file "TIME.c"
 Parameters:    Size  Location     Type
  time            1    wreg     PTR struct .
		 -> display_time(3), 
 Auto vars:     Size  Location     Type
  time            1    1[COMMON] PTR struct .
		 -> display_time(3), 
 Return value:  Size  Location     Type
                  1    wreg      void 
 Registers used:
		wreg, fsr0l, fsr0h, status,2, status,0
 Tracked objects:
		On entry : 
		On exit  : 
		Unchanged: 
 Data sizes:     COMMON   BANK0   BANK1   BANK3   BANK2
      Params:         0       0       0       0       0
      Locals:         1       0       0       0       0
      Temps:          1       0       0       0       0
      Totals:         2       0       0       0       0
Total ram usage:        2 bytes
 Hardware stack levels used:    1
 This function calls:
		Nothing
 This function is called by:
		_display_update
 This function uses a non-reentrant model


 *************** function _normal_mode_display *****************
 Defined at:
		line 80 in file "DISPLAY.c"
 Parameters:    Size  Location     Type
		None
 Auto vars:     Size  Location     Type
		None
 Return value:  Size  Location     Type
                  1    wreg      void 
 Registers used:
		wreg, fsr0l, fsr0h, status,2, status,0, pclath, cstack
 Tracked objects:
		On entry : 
		On exit  : 
		Unchanged: 
 Data sizes:     COMMON   BANK0   BANK1   BANK3   BANK2
      Params:         0       0       0       0       0
      Locals:         0       0       0       0       0
      Temps:          0       3       0       0       0
      Totals:         0       3       0       0       0
Total ram usage:        3 bytes
 Hardware stack levels used:    1
 Hardware stack levels required when called:    2
 This function calls:
		_ssdDot_getState
		i1___awdiv
		i1___awmod
		i1_ssdDot_setState
		i1_ssd_setSymbol
 This function is called by:
		_display_update
 This function uses a non-reentrant model


 *************** function _ssdDot_getState *****************
 Defined at:
		line 130 in file "SSD.c"
 Parameters:    Size  Location     Type
		None
 Auto vars:     Size  Location     Type
		None
 Return value:  Size  Location     Type
                  1    wreg      enum E21
 Registers used:
		wreg
 Tracked objects:
		On entry : 
		On exit  : 
		Unchanged: 
 Data sizes:     COMMON   BANK0   BANK1   BANK3   BANK2
      Params:         0       0       0       0       0
      Locals:         0       0       0       0       0
      Temps:          0       0       0       0       0
      Totals:         0       0       0       0       0
Total ram usage:        0 bytes
 Hardware stack levels used:    1
 This function calls:
		Nothing
 This function is called by:
		_normal_mode_display
 This function uses a non-reentrant model


 *************** function _get_mode *****************
 Defined at:
		line 54 in file "TIME.c"
 Parameters:    Size  Location     Type
  mode            1    wreg     PTR enum E871
		 -> display_mode(1), 
 Auto vars:     Size  Location     Type
  mode            1    1[COMMON] PTR enum E871
		 -> display_mode(1), 
 Return value:  Size  Location     Type
                  1    wreg      void 
 Registers used:
		wreg, fsr0l, fsr0h
 Tracked objects:
		On entry : 
		On exit  : 
		Unchanged: 
 Data sizes:     COMMON   BANK0   BANK1   BANK3   BANK2
      Params:         0       0       0       0       0
      Locals:         1       0       0       0       0
      Temps:          1       0       0       0       0
      Totals:         2       0       0       0       0
Total ram usage:        2 bytes
 Hardware stack levels used:    1
 This function calls:
		Nothing
 This function is called by:
		_display_update
 This function uses a non-reentrant model


 *************** function _adjust_minutes_mode_display *****************
 Defined at:
		line 110 in file "DISPLAY.c"
 Parameters:    Size  Location     Type
		None
 Auto vars:     Size  Location     Type
		None
 Return value:  Size  Location     Type
                  1    wreg      void 
 Registers used:
		wreg, fsr0l, fsr0h, status,2, status,0, pclath, cstack
 Tracked objects:
		On entry : 
		On exit  : 
		Unchanged: 
 Data sizes:     COMMON   BANK0   BANK1   BANK3   BANK2
      Params:         0       0       0       0       0
      Locals:         0       0       0       0       0
      Temps:          0       3       0       0       0
      Totals:         0       3       0       0       0
Total ram usage:        3 bytes
 Hardware stack levels used:    1
 Hardware stack levels required when called:    2
 This function calls:
		_ssd_getSymbol
		i1___awdiv
		i1___awmod
		i1_ssdDot_setState
		i1_ssd_setSymbol
 This function is called by:
		_display_update
 This function uses a non-reentrant model


 *************** function _adjust_hours_mode_display *****************
 Defined at:
		line 92 in file "DISPLAY.c"
 Parameters:    Size  Location     Type
		None
 Auto vars:     Size  Location     Type
		None
 Return value:  Size  Location     Type
                  1    wreg      void 
 Registers used:
		wreg, fsr0l, fsr0h, status,2, status,0, pclath, cstack
 Tracked objects:
		On entry : 
		On exit  : 
		Unchanged: 
 Data sizes:     COMMON   BANK0   BANK1   BANK3   BANK2
      Params:         0       0       0       0       0
      Locals:         0       0       0       0       0
      Temps:          0       3       0       0       0
      Totals:         0       3       0       0       0
Total ram usage:        3 bytes
 Hardware stack levels used:    1
 Hardware stack levels required when called:    2
 This function calls:
		_ssd_getSymbol
		i1___awdiv
		i1___awmod
		i1_ssdDot_setState
		i1_ssd_setSymbol
 This function is called by:
		_display_update
 This function uses a non-reentrant model


 *************** function i1_ssd_setSymbol *****************
 Defined at:
		line 58 in file "SSD.c"
 Parameters:    Size  Location     Type
  ssd             1    wreg     enum E15
  symbol          1    9[COMMON] enum E2
 Auto vars:     Size  Location     Type
  ssd             1   12[COMMON] enum E15
 Return value:  Size  Location     Type
                  1    wreg      void 
 Registers used:
		wreg, fsr0l, fsr0h, status,2, status,0, pclath, cstack
 Tracked objects:
		On entry : 
		On exit  : 
		Unchanged: 
 Data sizes:     COMMON   BANK0   BANK1   BANK3   BANK2
      Params:         1       0       0       0       0
      Locals:         1       0       0       0       0
      Temps:          2       0       0       0       0
      Totals:         4       0       0       0       0
Total ram usage:        4 bytes
 Hardware stack levels used:    1
 Hardware stack levels required when called:    1
 This function calls:
		i1___bmul
 This function is called by:
		_normal_mode_display
		_adjust_hours_mode_display
		_adjust_minutes_mode_display
 This function uses a non-reentrant model


 *************** function i1_ssdDot_setState *****************
 Defined at:
		line 127 in file "SSD.c"
 Parameters:    Size  Location     Type
  state           1    wreg     enum E21
 Auto vars:     Size  Location     Type
  state           1    1[COMMON] enum E21
 Return value:  Size  Location     Type
                  1    wreg      void 
 Registers used:
		wreg
 Tracked objects:
		On entry : 
		On exit  : 
		Unchanged: 
 Data sizes:     COMMON   BANK0   BANK1   BANK3   BANK2
      Params:         0       0       0       0       0
      Locals:         1       0       0       0       0
      Temps:          1       0       0       0       0
      Totals:         2       0       0       0       0
Total ram usage:        2 bytes
 Hardware stack levels used:    1
 This function calls:
		Nothing
 This function is called by:
		_normal_mode_display
		_adjust_hours_mode_display
		_adjust_minutes_mode_display
 This function uses a non-reentrant model


 *************** function i1___awmod *****************
 Defined at:
		line 5 in file "C:\Program Files (x86)\Microchip\xc8\v2.05\pic\sources\c90\common\awmod.c"
 Parameters:    Size  Location     Type
  divisor         2    0[COMMON] int 
  dividend        2    2[COMMON] int 
 Auto vars:     Size  Location     Type
  __awmod         1    6[COMMON] unsigned char 
  __awmod         1    5[COMMON] unsigned char 
 Return value:  Size  Location     Type
                  2    0[COMMON] int 
 Registers used:
		wreg, status,2, status,0
 Tracked objects:
		On entry : 
		On exit  : 
		Unchanged: 
 Data sizes:     COMMON   BANK0   BANK1   BANK3   BANK2
      Params:         4       0       0       0       0
      Locals:         2       0       0       0       0
      Temps:          1       0       0       0       0
      Totals:         7       0       0       0       0
Total ram usage:        7 bytes
 Hardware stack levels used:    1
 This function calls:
		Nothing
 This function is called by:
		_sw_plus_handler
		_update_current_time
		_normal_mode_display
		_adjust_hours_mode_display
		_adjust_minutes_mode_display
 This function uses a non-reentrant model


 *************** function i1___awdiv *****************
 Defined at:
		line 5 in file "C:\Program Files (x86)\Microchip\xc8\v2.05\pic\sources\c90\common\awdiv.c"
 Parameters:    Size  Location     Type
  divisor         2    0[COMMON] int 
  dividend        2    2[COMMON] int 
 Auto vars:     Size  Location     Type
  __awdiv         2    7[COMMON] int 
  __awdiv         1    6[COMMON] unsigned char 
  __awdiv         1    5[COMMON] unsigned char 
 Return value:  Size  Location     Type
                  2    0[COMMON] int 
 Registers used:
		wreg, status,2, status,0
 Tracked objects:
		On entry : 
		On exit  : 
		Unchanged: 
 Data sizes:     COMMON   BANK0   BANK1   BANK3   BANK2
      Params:         4       0       0       0       0
      Locals:         4       0       0       0       0
      Temps:          1       0       0       0       0
      Totals:         9       0       0       0       0
Total ram usage:        9 bytes
 Hardware stack levels used:    1
 This function calls:
		Nothing
 This function is called by:
		_normal_mode_display
		_adjust_hours_mode_display
		_adjust_minutes_mode_display
 This function uses a non-reentrant model


 *************** function _ssd_getSymbol *****************
 Defined at:
		line 61 in file "SSD.c"
 Parameters:    Size  Location     Type
  ssd             1    wreg     enum E15
 Auto vars:     Size  Location     Type
  ssd             1    5[COMMON] enum E15
 Return value:  Size  Location     Type
                  1    wreg      enum E2
 Registers used:
		wreg, fsr0l, fsr0h, status,2, status,0, pclath, cstack
 Tracked objects:
		On entry : 
		On exit  : 
		Unchanged: 
 Data sizes:     COMMON   BANK0   BANK1   BANK3   BANK2
      Params:         0       0       0       0       0
      Locals:         1       0       0       0       0
      Temps:          1       0       0       0       0
      Totals:         2       0       0       0       0
Total ram usage:        2 bytes
 Hardware stack levels used:    1
 Hardware stack levels required when called:    1
 This function calls:
		i1___bmul
 This function is called by:
		_adjust_hours_mode_display
		_adjust_minutes_mode_display
 This function uses a non-reentrant model


 *************** function i1___bmul *****************
 Defined at:
		line 4 in file "C:\Program Files (x86)\Microchip\xc8\v2.05\pic\sources\c90\common\Umul8.c"
 Parameters:    Size  Location     Type
  multiplier      1    wreg     unsigned char 
  multiplicand    1    0[COMMON] unsigned char 
 Auto vars:     Size  Location     Type
  multiplier      1    2[COMMON] unsigned char 
  __bmul          1    3[COMMON] unsigned char 
 Return value:  Size  Location     Type
                  1    wreg      unsigned char 
 Registers used:
		wreg, status,2, status,0
 Tracked objects:
		On entry : 
		On exit  : 
		Unchanged: 
 Data sizes:     COMMON   BANK0   BANK1   BANK3   BANK2
      Params:         1       0       0       0       0
      Locals:         2       0       0       0       0
      Temps:          1       0       0       0       0
      Totals:         4       0       0       0       0
Total ram usage:        4 bytes
 Hardware stack levels used:    1
 This function calls:
		Nothing
 This function is called by:
		_ssd_getSymbol
		_ssd_update
		_ssd_on
		_ssd_off
		i1_ssd_setSymbol
		i1_ssd_display
 This function uses a non-reentrant model



MODULE INFORMATION

Module		Function		Class		Link	Load	Size
TIME.c
		_time_init     		CODE           	0A60	0000	8
		_sw_plus_handler		CODE           	0D8F	0000	63
		_get_mode      		CODE           	0A8F	0000	12
		_update_current_time		CODE           	0D52	0000	62
		_get_time      		CODE           	0B44	0000	25
		_sw_setting_handler		CODE           	0C2B	0000	39
		_time_update   		CODE           	0666	0000	114
		_sw_minus_handler		CODE           	0C77	0000	41

TIME.c estimated size: 364

SSD.c
		_dot_display   		CODE           	0C07	0000	37
		_ssd_on        		CODE           	06D7	0000	110
		_ssd_init      		CODE           	019C	0000	262
		_ssd_schematic_init		CODE           	02A1	0000	178
		_ssd_off       		CODE           	0744	0000	110
		_ssd_getSymbol 		CODE           	0A9A	0000	15
		_ssd_update    		CODE           	0EA1	0000	77
		_ssd_setSymbol 		CODE           	0B02	0000	22
		_ssd_display   		CODE           	0CF2	0000	46
		_ssdDot_getState		CODE           	0A5C	0000	5
		_ssdDot_setState		CODE           	0A77	0000	9

SSD.c estimated size: 871

C:\Program Files (x86)\Microchip\xc8\v2.05\pic\sources\c90\common\awmod.c
		___awmod       		CODE           	07B1	0000	78

C:\Program Files (x86)\Microchip\xc8\v2.05\pic\sources\c90\common\awmod.c estimated size: 78

C:\Program Files (x86)\Microchip\xc8\v2.05\pic\sources\c90\common\Umul8.c
		___bmul        		CODE           	0ADB	0000	20

C:\Program Files (x86)\Microchip\xc8\v2.05\pic\sources\c90\common\Umul8.c estimated size: 20

SWITCH.c
		_switches_Schematic_init		CODE           	0C51	0000	39
		_switch_getState		CODE           	0AEE	0000	21
		_switch_init   		CODE           	05D1	0000	150
		_switch_update 		CODE           	004B	0000	338

SWITCH.c estimated size: 548

C:\Program Files (x86)\Microchip\xc8\v2.05\pic\sources\c90\common\awdiv.c
		___awdiv       		CODE           	0F46	0000	92

C:\Program Files (x86)\Microchip\xc8\v2.05\pic\sources\c90\common\awdiv.c estimated size: 92

my_stop_watch.c
		_APP_UPDATE    		CODE           	0C9F	0000	41
		_main          		CODE           	0D1F	0000	52

my_stop_watch.c estimated size: 93

shared
		i1_ssd_setSymbol		CODE           	0AB9	0000	18
		i1_dot_display 		CODE           	0B76	0000	29
		i1_timer0_reload		CODE           	0A6F	0000	9
		i1_get_time    		CODE           	0B2C	0000	25
		i1_ssd_display 		CODE           	0CC7	0000	44
		i1___awdiv     		CODE           	0EED	0000	90
		__initialization		CODE           	0013	0000	53
		i1___awmod     		CODE           	0E56	0000	76
		i1_ssdDot_setState		CODE           	0A67	0000	9
		i1___bmul      		CODE           	0AA8	0000	18

shared estimated size: 371

TIMER0.c
		_T0_timer_mode_state		CODE           	0BAF	0000	30
		_timer0_ovf_setState		CODE           	0B5C	0000	27
		_timer0_init   		CODE           	0DCD	0000	64
		_timer0_reload 		CODE           	0A7F	0000	9
		_timer0_set_prescaller		CODE           	0FA1	0000	96
		_T0_counter_mode_state		CODE           	0B92	0000	30
		_timer0_set_mode		CODE           	0BCC	0000	30

TIMER0.c estimated size: 286

DISPLAY.c
		_adjust_hours_mode_display		CODE           	03F9	0000	168
		_display_init  		CODE           	04A0	0000	156
		_adjust_minutes_mode_display		CODE           	0352	0000	168
		_display_update		CODE           	0E0C	0000	75
		_normal_mode_display		CODE           	053B	0000	151

DISPLAY.c estimated size: 718

